ARM Linker, 5.03 [Build 76] [MDK-ARM Lite]

==============================================================================

Section Cross References

    startup_tm4c123.o(STACK) refers (Special) to heapauxi.o(.text) for __use_two_region_memory
    startup_tm4c123.o(HEAP) refers (Special) to heapauxi.o(.text) for __use_two_region_memory
    startup_tm4c123.o(RESET) refers (Special) to heapauxi.o(.text) for __use_two_region_memory
    startup_tm4c123.o(RESET) refers to startup_tm4c123.o(STACK) for __initial_sp
    startup_tm4c123.o(RESET) refers to startup_tm4c123.o(.text) for Reset_Handler
    startup_tm4c123.o(.text) refers (Special) to heapauxi.o(.text) for __use_two_region_memory
    startup_tm4c123.o(.text) refers to main.o(.text) for SystemInit
    startup_tm4c123.o(.text) refers to __main.o(!!!main) for __main
    startup_tm4c123.o(.text) refers to startup_tm4c123.o(HEAP) for Heap_Mem
    startup_tm4c123.o(.text) refers to startup_tm4c123.o(STACK) for Stack_Mem
    calcgpsdistance.o(.text) refers to f2d.o(x$fpl$f2d) for __aeabi_f2d
    calcgpsdistance.o(.text) refers to dmul.o(x$fpl$dmul) for __aeabi_dmul
    calcgpsdistance.o(.text) refers to d2f.o(x$fpl$d2f) for __aeabi_d2f
    calcgpsdistance.o(.text) refers to sin.o(i.__hardfp_sin) for __hardfp_sin
    calcgpsdistance.o(.text) refers to cos.o(i.__hardfp_cos) for __hardfp_cos
    calcgpsdistance.o(.text) refers to daddsub_clz.o(x$fpl$dadd) for __aeabi_dadd
    calcgpsdistance.o(.text) refers to sqrt.o(i.__hardfp_sqrt) for __hardfp_sqrt
    calcgpsdistance.o(.text) refers to atan2.o(i.__hardfp_atan2) for __hardfp_atan2
    calcgpsdistance.o(.text) refers to dflt_clz.o(x$fpl$dflt) for __aeabi_i2d
    main.o(.text) refers to rt_memcpy_w.o(.text) for __aeabi_memcpy4
    main.o(.text) refers to led_init.o(.text) for LED_init
    main.o(.text) refers to seven_init.o(.text) for Seven_init
    main.o(.text) refers to uart_init.o(.text) for UART_init
    main.o(.text) refers to parcing.o(.text) for parcing
    main.o(.text) refers to calcgpsdistance.o(.text) for CalcGPSDistance
    main.o(.text) refers to checkdist.o(.text) for checkDist
    main.o(.text) refers to ssd_v2.o(.text) for ssd_v2
    main.o(.text) refers to main.o(.constdata) for .constdata
    __main.o(!!!main) refers to rtentry.o(.ARM.Collect$$rtentry$$00000000) for __rt_entry
    d2f.o(x$fpl$d2f) refers (Special) to usenofp.o(x$fpl$usenofp) for __I$use$fp
    d2f.o(x$fpl$d2f) refers to fretinf.o(x$fpl$fretinf) for __fpl_fretinf
    d2f.o(x$fpl$d2f) refers to dnaninf.o(x$fpl$dnaninf) for __fpl_dnaninf
    daddsub_clz.o(x$fpl$dadd) refers (Special) to usenofp.o(x$fpl$usenofp) for __I$use$fp
    daddsub_clz.o(x$fpl$dadd) refers to daddsub_clz.o(x$fpl$dsub) for _dsub1
    daddsub_clz.o(x$fpl$dadd) refers to dretinf.o(x$fpl$dretinf) for __fpl_dretinf
    daddsub_clz.o(x$fpl$dadd) refers to dnaninf.o(x$fpl$dnaninf) for __fpl_dnaninf
    daddsub_clz.o(x$fpl$drsb) refers (Special) to usenofp.o(x$fpl$usenofp) for __I$use$fp
    daddsub_clz.o(x$fpl$drsb) refers to daddsub_clz.o(x$fpl$dadd) for _dadd1
    daddsub_clz.o(x$fpl$drsb) refers to daddsub_clz.o(x$fpl$dsub) for _dsub1
    daddsub_clz.o(x$fpl$dsub) refers (Special) to usenofp.o(x$fpl$usenofp) for __I$use$fp
    daddsub_clz.o(x$fpl$dsub) refers to daddsub_clz.o(x$fpl$dadd) for _dadd1
    daddsub_clz.o(x$fpl$dsub) refers to dnaninf.o(x$fpl$dnaninf) for __fpl_dnaninf
    dflt_clz.o(x$fpl$dfltu) refers (Special) to usenofp.o(x$fpl$usenofp) for __I$use$fp
    dflt_clz.o(x$fpl$dflt) refers (Special) to usenofp.o(x$fpl$usenofp) for __I$use$fp
    dflt_clz.o(x$fpl$dfltn) refers (Special) to usenofp.o(x$fpl$usenofp) for __I$use$fp
    dmul.o(x$fpl$dmul) refers (Special) to usenofp.o(x$fpl$usenofp) for __I$use$fp
    dmul.o(x$fpl$dmul) refers to dretinf.o(x$fpl$dretinf) for __fpl_dretinf
    dmul.o(x$fpl$dmul) refers to dnaninf.o(x$fpl$dnaninf) for __fpl_dnaninf
    f2d.o(x$fpl$f2d) refers (Special) to usenofp.o(x$fpl$usenofp) for __I$use$fp
    f2d.o(x$fpl$f2d) refers to fnaninf.o(x$fpl$fnaninf) for __fpl_fnaninf
    f2d.o(x$fpl$f2d) refers to dretinf.o(x$fpl$dretinf) for __fpl_dretinf
    atan2.o(i.__hardfp_atan2) refers (Special) to usenofp.o(x$fpl$usenofp) for __I$use$fp
    atan2.o(i.__hardfp_atan2) refers to daddsub_clz.o(x$fpl$dadd) for __aeabi_dadd
    atan2.o(i.__hardfp_atan2) refers to atan.o(i.atan) for atan
    atan2.o(i.__hardfp_atan2) refers to basic.o(x$fpl$basic) for __aeabi_dneg
    atan2.o(i.__hardfp_atan2) refers to ddiv.o(x$fpl$ddiv) for __aeabi_ddiv
    atan2.o(i.__hardfp_atan2) refers to fabs.o(i.fabs) for fabs
    atan2.o(i.__hardfp_atan2) refers to daddsub_clz.o(x$fpl$dsub) for __aeabi_dsub
    atan2.o(i.__hardfp_atan2) refers to daddsub_clz.o(x$fpl$drsb) for __aeabi_drsub
    atan2.o(i.__hardfp_atan2) refers to qnan.o(.constdata) for __mathlib_zero
    atan2.o(i.__softfp_atan2) refers (Special) to usenofp.o(x$fpl$usenofp) for __I$use$fp
[...]
    sin.o(i.__hardfp_sin) refers to sin_i.o(i.__kernel_sin) for __kernel_sin
    sin.o(i.__softfp_sin) refers (Special) to usenofp.o(x$fpl$usenofp) for __I$use$fp
    sin.o(i.__softfp_sin) refers to sin.o(i.__hardfp_sin) for __hardfp_sin
    sin.o(i.sin) refers (Special) to usenofp.o(x$fpl$usenofp) for __I$use$fp
    sin.o(i.sin) refers to sin.o(i.__hardfp_sin) for __hardfp_sin
    sin_x.o(i.____hardfp_sin$lsc) refers (Special) to usenofp.o(x$fpl$usenofp) for __I$use$fp
    sin_x.o(i.____hardfp_sin$lsc) refers to _rserrno.o(.text) for __set_errno
    sin_x.o(i.____hardfp_sin$lsc) refers to daddsub_clz.o(x$fpl$dadd) for __aeabi_dadd
    sin_x.o(i.____hardfp_sin$lsc) refers to rred.o(i.__ieee754_rem_pio2) for __ieee754_rem_pio2
    sin_x.o(i.____hardfp_sin$lsc) refers to cos_i.o(i.__kernel_cos) for __kernel_cos
    sin_x.o(i.____hardfp_sin$lsc) refers to basic.o(x$fpl$basic) for __aeabi_dneg
    sin_x.o(i.____hardfp_sin$lsc) refers to sin_i.o(i.__kernel_sin) for __kernel_sin
    sin_x.o(i.____softfp_sin$lsc) refers (Special) to usenofp.o(x$fpl$usenofp) for __I$use$fp
    sin_x.o(i.____softfp_sin$lsc) refers to sin_x.o(i.____hardfp_sin$lsc) for ____hardfp_sin$lsc
    sin_x.o(i.__sin$lsc) refers (Special) to usenofp.o(x$fpl$usenofp) for __I$use$fp
    sin_x.o(i.__sin$lsc) refers to sin_x.o(i.____hardfp_sin$lsc) for ____hardfp_sin$lsc
    sqrt.o(i.__hardfp_sqrt) refers (Special) to usenofp.o(x$fpl$usenofp) for __I$use$fp
    sqrt.o(i.__hardfp_sqrt) refers to dsqrt_umaal.o(x$fpl$dsqrt) for _dsqrt
    sqrt.o(i.__hardfp_sqrt) refers to _rserrno.o(.text) for __set_errno
    sqrt.o(i.__softfp_sqrt) refers (Special) to usenofp.o(x$fpl$usenofp) for __I$use$fp
    sqrt.o(i.__softfp_sqrt) refers to dsqrt_umaal.o(x$fpl$dsqrt) for _dsqrt
    sqrt.o(i.__softfp_sqrt) refers to _rserrno.o(.text) for __set_errno
    sqrt.o(i.sqrt) refers (Special) to usenofp.o(x$fpl$usenofp) for __I$use$fp
    sqrt.o(i.sqrt) refers to dsqrt_umaal.o(x$fpl$dsqrt) for _dsqrt
    sqrt.o(i.sqrt) refers to _rserrno.o(.text) for __set_errno
    sqrt_x.o(i.____hardfp_sqrt$lsc) refers (Special) to usenofp.o(x$fpl$usenofp) for __I$use$fp
    sqrt_x.o(i.____hardfp_sqrt$lsc) refers to dleqf.o(x$fpl$dleqf) for __aeabi_cdcmple
    sqrt_x.o(i.____hardfp_sqrt$lsc) refers to _rserrno.o(.text) for __set_errno
    sqrt_x.o(i.____hardfp_sqrt$lsc) refers to dsqrt_umaal.o(x$fpl$dsqrt) for _dsqrt
    sqrt_x.o(i.____softfp_sqrt$lsc) refers (Special) to usenofp.o(x$fpl$usenofp) for __I$use$fp
    sqrt_x.o(i.____softfp_sqrt$lsc) refers to dleqf.o(x$fpl$dleqf) for __aeabi_cdcmple
    sqrt_x.o(i.____softfp_sqrt$lsc) refers to _rserrno.o(.text) for __set_errno
    sqrt_x.o(i.____softfp_sqrt$lsc) refers to dsqrt_umaal.o(x$fpl$dsqrt) for _dsqrt
    sqrt_x.o(i.__sqrt$lsc) refers (Special) to usenofp.o(x$fpl$usenofp) for __I$use$fp
    sqrt_x.o(i.__sqrt$lsc) refers to dleqf.o(x$fpl$dleqf) for __aeabi_cdcmple
    sqrt_x.o(i.__sqrt$lsc) refers to _rserrno.o(.text) for __set_errno
    sqrt_x.o(i.__sqrt$lsc) refers to dsqrt_umaal.o(x$fpl$dsqrt) for _dsqrt
    rtentry.o(.ARM.Collect$$rtentry$$00000000) refers (Special) to rtentry2.o(.ARM.Collect$$rtentry$$0000000A) for __rt_entry_li
    rtentry.o(.ARM.Collect$$rtentry$$00000000) refers (Special) to rtentry2.o(.ARM.Collect$$rtentry$$0000000D) for __rt_entry_main
    rtentry.o(.ARM.Collect$$rtentry$$00000000) refers (Special) to rtentry2.o(.ARM.Collect$$rtentry$$0000000C) for __rt_entry_postli_1
    rtentry.o(.ARM.Collect$$rtentry$$00000000) refers (Special) to rtentry2.o(.ARM.Collect$$rtentry$$00000009) for __rt_entry_postsh_1
    rtentry.o(.ARM.Collect$$rtentry$$00000000) refers (Special) to rtentry2.o(.ARM.Collect$$rtentry$$00000002) for __rt_entry_presh_1
    rtentry.o(.ARM.Collect$$rtentry$$00000000) refers (Special) to rtentry4.o(.ARM.Collect$$rtentry$$00000004) for __rt_entry_sh
    _rserrno.o(.text) refers to rt_errno_addr_intlibspace.o(.text) for __aeabi_errno_addr
    basic.o(x$fpl$basic) refers (Special) to usenofp.o(x$fpl$usenofp) for __I$use$fp
    ddiv.o(x$fpl$drdiv) refers (Special) to usenofp.o(x$fpl$usenofp) for __I$use$fp
    ddiv.o(x$fpl$drdiv) refers to ddiv.o(x$fpl$ddiv) for ddiv_entry
    ddiv.o(x$fpl$ddiv) refers (Special) to usenofp.o(x$fpl$usenofp) for __I$use$fp
    ddiv.o(x$fpl$ddiv) refers to dretinf.o(x$fpl$dretinf) for __fpl_dretinf
    ddiv.o(x$fpl$ddiv) refers to dnaninf.o(x$fpl$dnaninf) for __fpl_dnaninf
    dleqf.o(x$fpl$dleqf) refers (Special) to usenofp.o(x$fpl$usenofp) for __I$use$fp
    dleqf.o(x$fpl$dleqf) refers to dnaninf.o(x$fpl$dnaninf) for __fpl_dnaninf
    dleqf.o(x$fpl$dleqf) refers to dcmpi.o(x$fpl$dcmpinf) for __fpl_dcmp_Inf
    dnaninf.o(x$fpl$dnaninf) refers (Special) to usenofp.o(x$fpl$usenofp) for __I$use$fp
    dretinf.o(x$fpl$dretinf) refers (Special) to usenofp.o(x$fpl$usenofp) for __I$use$fp
    dsqrt_umaal.o(x$fpl$dsqrt) refers (Special) to usenofp.o(x$fpl$usenofp) for __I$use$fp
    dsqrt_umaal.o(x$fpl$dsqrt) refers to dnaninf.o(x$fpl$dnaninf) for __fpl_dnaninf
    fnaninf.o(x$fpl$fnaninf) refers (Special) to usenofp.o(x$fpl$usenofp) for __I$use$fp
    fretinf.o(x$fpl$fretinf) refers (Special) to usenofp.o(x$fpl$usenofp) for __I$use$fp
    atan.o(i.__hardfp_atan) refers (Special) to usenofp.o(x$fpl$usenofp) for __I$use$fp
    atan.o(i.__hardfp_atan) refers to daddsub_clz.o(x$fpl$dadd) for __aeabi_dadd
    atan.o(i.__hardfp_atan) refers to fpclassify.o(i.__ARM_fpclassify) for __ARM_fpclassify
    atan.o(i.__hardfp_atan) refers to dunder.o(i.__mathlib_dbl_underflow) for __mathlib_dbl_underflow
    atan.o(i.__hardfp_atan) refers to fabs.o(i.fabs) for fabs
    atan.o(i.__hardfp_atan) refers to dmul.o(x$fpl$dmul) for __aeabi_dmul
    atan.o(i.__hardfp_atan) refers to daddsub_clz.o(x$fpl$dsub) for __aeabi_dsub
    atan.o(i.__hardfp_atan) refers to ddiv.o(x$fpl$ddiv) for __aeabi_ddiv
    atan.o(i.__hardfp_atan) refers to poly.o(i.__kernel_poly) for __kernel_poly
    atan.o(i.__hardfp_atan) refers to daddsub_clz.o(x$fpl$drsb) for __aeabi_drsub
    atan.o(i.__hardfp_atan) refers to basic.o(x$fpl$basic) for __aeabi_dneg
    atan.o(i.__hardfp_atan) refers to atan.o(.constdata) for .constdata
    atan.o(i.__softfp_atan) refers (Special) to usenofp.o(x$fpl$usenofp) for __I$use$fp
    atan.o(i.__softfp_atan) refers to atan.o(i.__hardfp_atan) for __hardfp_atan
    atan.o(i.atan) refers (Special) to usenofp.o(x$fpl$usenofp) for __I$use$fp
    atan.o(i.atan) refers to atan.o(i.__hardfp_atan) for __hardfp_atan
    atan.o(.constdata) refers (Special) to usenofp.o(x$fpl$usenofp) for __I$use$fp
    atan_x.o(i.____hardfp_atan$lsc) refers (Special) to usenofp.o(x$fpl$usenofp) for __I$use$fp
    atan_x.o(i.____hardfp_atan$lsc) refers to daddsub_clz.o(x$fpl$dadd) for __aeabi_dadd
    atan_x.o(i.____hardfp_atan$lsc) refers to fabs.o(i.fabs) for fabs
    atan_x.o(i.____hardfp_atan$lsc) refers to dmul.o(x$fpl$dmul) for __aeabi_dmul
    atan_x.o(i.____hardfp_atan$lsc) refers to daddsub_clz.o(x$fpl$dsub) for __aeabi_dsub
    atan_x.o(i.____hardfp_atan$lsc) refers to ddiv.o(x$fpl$ddiv) for __aeabi_ddiv
    atan_x.o(i.____hardfp_atan$lsc) refers to poly.o(i.__kernel_poly) for __kernel_poly
    atan_x.o(i.____hardfp_atan$lsc) refers to daddsub_clz.o(x$fpl$drsb) for __aeabi_drsub
    atan_x.o(i.____hardfp_atan$lsc) refers to basic.o(x$fpl$basic) for __aeabi_dneg
    atan_x.o(i.____hardfp_atan$lsc) refers to atan_x.o(.constdata) for .constdata
    atan_x.o(i.____softfp_atan$lsc) refers (Special) to usenofp.o(x$fpl$usenofp) for __I$use$fp
    atan_x.o(i.____softfp_atan$lsc) refers to atan_x.o(i.____hardfp_atan$lsc) for ____hardfp_atan$lsc
    atan_x.o(i.__atan$lsc) refers (Special) to usenofp.o(x$fpl$usenofp) for __I$use$fp
    atan_x.o(i.__atan$lsc) refers to atan_x.o(i.____hardfp_atan$lsc) for ____hardfp_atan$lsc
    atan_x.o(.constdata) refers (Special) to usenofp.o(x$fpl$usenofp) for __I$use$fp
    cos_i.o(i.__kernel_cos) refers (Special) to usenofp.o(x$fpl$usenofp) for __I$use$fp
    cos_i.o(i.__kernel_cos) refers to dfix.o(x$fpl$dfix) for __aeabi_d2iz
    cos_i.o(i.__kernel_cos) refers to dmul.o(x$fpl$dmul) for __aeabi_dmul
    cos_i.o(i.__kernel_cos) refers to poly.o(i.__kernel_poly) for __kernel_poly
    cos_i.o(i.__kernel_cos) refers to daddsub_clz.o(x$fpl$dsub) for __aeabi_dsub
    cos_i.o(i.__kernel_cos) refers to daddsub_clz.o(x$fpl$drsb) for __aeabi_drsub
    cos_i.o(i.__kernel_cos) refers to cos_i.o(.constdata) for .constdata
    cos_i.o(.constdata) refers (Special) to usenofp.o(x$fpl$usenofp) for __I$use$fp
    fabs.o(i.__hardfp_fabs) refers (Special) to usenofp.o(x$fpl$usenofp) for __I$use$fp
    fabs.o(i.__softfp_fabs) refers (Special) to usenofp.o(x$fpl$usenofp) for __I$use$fp
    fabs.o(i.fabs) refers (Special) to usenofp.o(x$fpl$usenofp) for __I$use$fp
    qnan.o(.constdata) refers (Special) to usenofp.o(x$fpl$usenofp) for __I$use$fp
    rred.o(i.__ieee754_rem_pio2) refers (Special) to usenofp.o(x$fpl$usenofp) for __I$use$fp
    rred.o(i.__ieee754_rem_pio2) refers to daddsub_clz.o(x$fpl$dsub) for __aeabi_dsub
    rred.o(i.__ieee754_rem_pio2) refers to daddsub_clz.o(x$fpl$dadd) for __aeabi_dadd
    rred.o(i.__ieee754_rem_pio2) refers to fabs.o(i.fabs) for fabs
    rred.o(i.__ieee754_rem_pio2) refers to dmul.o(x$fpl$dmul) for __aeabi_dmul
    rred.o(i.__ieee754_rem_pio2) refers to dfix.o(x$fpl$dfix) for __aeabi_d2iz
    rred.o(i.__ieee754_rem_pio2) refers to dflt_clz.o(x$fpl$dflt) for __aeabi_i2d
    rred.o(i.__ieee754_rem_pio2) refers to daddsub_clz.o(x$fpl$drsb) for __aeabi_drsub
    rred.o(i.__ieee754_rem_pio2) refers to basic.o(x$fpl$basic) for __aeabi_dneg
    rred.o(i.__ieee754_rem_pio2) refers to dflt_clz.o(x$fpl$dfltu) for __aeabi_ui2d
    rred.o(i.__ieee754_rem_pio2) refers to rred.o(.constdata) for .constdata
    rred.o(i.__use_accurate_range_reduction) refers (Special) to usenofp.o(x$fpl$usenofp) for __I$use$fp
    rred.o(.constdata) refers (Special) to usenofp.o(x$fpl$usenofp) for __I$use$fp
    sin_i.o(i.__kernel_sin) refers (Special) to usenofp.o(x$fpl$usenofp) for __I$use$fp
    sin_i.o(i.__kernel_sin) refers to fpclassify.o(i.__ARM_fpclassify) for __ARM_fpclassify
    sin_i.o(i.__kernel_sin) refers to dunder.o(i.__mathlib_dbl_underflow) for __mathlib_dbl_underflow
    sin_i.o(i.__kernel_sin) refers to dmul.o(x$fpl$dmul) for __aeabi_dmul
    sin_i.o(i.__kernel_sin) refers to poly.o(i.__kernel_poly) for __kernel_poly
    sin_i.o(i.__kernel_sin) refers to daddsub_clz.o(x$fpl$dsub) for __aeabi_dsub
    sin_i.o(i.__kernel_sin) refers to daddsub_clz.o(x$fpl$drsb) for __aeabi_drsub
    sin_i.o(i.__kernel_sin) refers to daddsub_clz.o(x$fpl$dadd) for __aeabi_dadd
    sin_i.o(i.__kernel_sin) refers to sin_i.o(.constdata) for .constdata
    sin_i.o(.constdata) refers (Special) to usenofp.o(x$fpl$usenofp) for __I$use$fp
    sin_i_x.o(i.____kernel_sin$lsc) refers (Special) to usenofp.o(x$fpl$usenofp) for __I$use$fp
    sin_i_x.o(i.____kernel_sin$lsc) refers to dmul.o(x$fpl$dmul) for __aeabi_dmul
    sin_i_x.o(i.____kernel_sin$lsc) refers to poly.o(i.__kernel_poly) for __kernel_poly
    sin_i_x.o(i.____kernel_sin$lsc) refers to daddsub_clz.o(x$fpl$dsub) for __aeabi_dsub
    sin_i_x.o(i.____kernel_sin$lsc) refers to daddsub_clz.o(x$fpl$drsb) for __aeabi_drsub
    sin_i_x.o(i.____kernel_sin$lsc) refers to daddsub_clz.o(x$fpl$dadd) for __aeabi_dadd
    sin_i_x.o(i.____kernel_sin$lsc) refers to sin_i_x.o(.constdata) for .constdata
    sin_i_x.o(.constdata) refers (Special) to usenofp.o(x$fpl$usenofp) for __I$use$fp
    rtentry2.o(.ARM.Collect$$rtentry$$00000008) refers to boardinit2.o(.text) for _platform_post_stackheap_init
    rtentry2.o(.ARM.Collect$$rtentry$$0000000A) refers to libinit.o(.ARM.Collect$$libinit$$00000000) for __rt_lib_init
    rtentry2.o(.ARM.Collect$$rtentry$$0000000B) refers to boardinit3.o(.text) for _platform_post_lib_init
    rtentry2.o(.ARM.Collect$$rtentry$$0000000D) refers to main.o(.text) for main
    rtentry2.o(.ARM.Collect$$rtentry$$0000000D) refers to exit.o(.text) for exit
    rtentry2.o(.ARM.exidx) refers to rtentry2.o(.ARM.Collect$$rtentry$$00000001) for .ARM.Collect$$rtentry$$00000001
    rtentry2.o(.ARM.exidx) refers to rtentry2.o(.ARM.Collect$$rtentry$$00000008) for .ARM.Collect$$rtentry$$00000008
    rtentry2.o(.ARM.exidx) refers to rtentry2.o(.ARM.Collect$$rtentry$$0000000A) for .ARM.Collect$$rtentry$$0000000A
    rtentry2.o(.ARM.exidx) refers to rtentry2.o(.ARM.Collect$$rtentry$$0000000B) for .ARM.Collect$$rtentry$$0000000B
    rtentry2.o(.ARM.exidx) refers to rtentry2.o(.ARM.Collect$$rtentry$$0000000D) for .ARM.Collect$$rtentry$$0000000D
    rtentry4.o(.ARM.Collect$$rtentry$$00000004) refers to sys_stackheap_outer.o(.text) for __user_setup_stackheap
    rtentry4.o(.ARM.exidx) refers to rtentry4.o(.ARM.Collect$$rtentry$$00000004) for .ARM.Collect$$rtentry$$00000004
    rt_errno_addr.o(.text) refers to rt_errno_addr.o(.bss) for __aeabi_errno_addr_data
    rt_errno_addr_intlibspace.o(.text) refers to libspace.o(.bss) for __libspace_start
    dcmpi.o(x$fpl$dcmpinf) refers (Special) to usenofp.o(x$fpl$usenofp) for __I$use$fp
    dfix.o(x$fpl$dfix) refers (Special) to usenofp.o(x$fpl$usenofp) for __I$use$fp
    dfix.o(x$fpl$dfix) refers to dnaninf.o(x$fpl$dnaninf) for __fpl_dnaninf
    dfix.o(x$fpl$dfixr) refers (Special) to usenofp.o(x$fpl$usenofp) for __I$use$fp
    dfix.o(x$fpl$dfixr) refers to dnaninf.o(x$fpl$dnaninf) for __fpl_dnaninf
    dunder.o(i.__mathlib_dbl_underflow) refers to dmul.o(x$fpl$dmul) for __aeabi_dmul
    fpclassify.o(i.__ARM_fpclassify) refers (Special) to usenofp.o(x$fpl$usenofp) for __I$use$fp
    poly.o(i.__kernel_poly) refers (Special) to usenofp.o(x$fpl$usenofp) for __I$use$fp
    poly.o(i.__kernel_poly) refers to dmul.o(x$fpl$dmul) for __aeabi_dmul
    poly.o(i.__kernel_poly) refers to daddsub_clz.o(x$fpl$dadd) for __aeabi_dadd
    libspace.o(.text) refers to libspace.o(.bss) for __libspace_start
    sys_stackheap_outer.o(.text) refers to libspace.o(.text) for __user_perproc_libspace
    sys_stackheap_outer.o(.text) refers to startup_tm4c123.o(.text) for __user_initial_stackheap
    exit.o(.text) refers to rtexit.o(.ARM.Collect$$rtexit$$00000000) for __rt_exit
    libinit.o(.ARM.Collect$$libinit$$00000000) refers (Special) to libinit2.o(.ARM.Collect$$libinit$$0000002C) for __rt_lib_init_alloca_1
    libinit.o(.ARM.Collect$$libinit$$00000000) refers (Special) to libinit2.o(.ARM.Collect$$libinit$$0000002A) for __rt_lib_init_argv_1
    libinit.o(.ARM.Collect$$libinit$$00000000) refers (Special) to libinit2.o(.ARM.Collect$$libinit$$00000019) for __rt_lib_init_atexit_1
    libinit.o(.ARM.Collect$$libinit$$00000000) refers (Special) to libinit2.o(.ARM.Collect$$libinit$$0000001F) for __rt_lib_init_clock_1
    libinit.o(.ARM.Collect$$libinit$$00000000) refers (Special) to libinit2.o(.ARM.Collect$$libinit$$00000030) for __rt_lib_init_cpp_1
    libinit.o(.ARM.Collect$$libinit$$00000000) refers (Special) to libinit2.o(.ARM.Collect$$libinit$$0000002E) for __rt_lib_init_exceptions_1
    libinit.o(.ARM.Collect$$libinit$$00000000) refers (Special) to libinit2.o(.ARM.Collect$$libinit$$00000001) for __rt_lib_init_fp_1
    libinit.o(.ARM.Collect$$libinit$$00000000) refers (Special) to libinit2.o(.ARM.Collect$$libinit$$0000001D) for __rt_lib_init_fp_trap_1
    libinit.o(.ARM.Collect$$libinit$$00000000) refers (Special) to libinit2.o(.ARM.Collect$$libinit$$00000021) for __rt_lib_init_getenv_1
    libinit.o(.ARM.Collect$$libinit$$00000000) refers (Special) to libinit2.o(.ARM.Collect$$libinit$$00000008) for __rt_lib_init_heap_1
    libinit.o(.ARM.Collect$$libinit$$00000000) refers (Special) to libinit2.o(.ARM.Collect$$libinit$$0000000F) for __rt_lib_init_lc_collate_1
    libinit.o(.ARM.Collect$$libinit$$00000000) refers (Special) to libinit2.o(.ARM.Collect$$libinit$$00000011) for __rt_lib_init_lc_ctype_1
    libinit.o(.ARM.Collect$$libinit$$00000000) refers (Special) to libinit2.o(.ARM.Collect$$libinit$$00000013) for __rt_lib_init_lc_monetary_1
    libinit.o(.ARM.Collect$$libinit$$00000000) refers (Special) to libinit2.o(.ARM.Collect$$libinit$$00000015) for __rt_lib_init_lc_numeric_1
    libinit.o(.ARM.Collect$$libinit$$00000000) refers (Special) to libinit2.o(.ARM.Collect$$libinit$$00000017) for __rt_lib_init_lc_time_1
    libinit.o(.ARM.Collect$$libinit$$00000000) refers (Special) to libinit2.o(.ARM.Collect$$libinit$$0000000C) for __rt_lib_init_rand_1
    libinit.o(.ARM.Collect$$libinit$$00000000) refers (Special) to libinit2.o(.ARM.Collect$$libinit$$00000031) for __rt_lib_init_return
    libinit.o(.ARM.Collect$$libinit$$00000000) refers (Special) to libinit2.o(.ARM.Collect$$libinit$$0000001B) for __rt_lib_init_signal_1
    libinit.o(.ARM.Collect$$libinit$$00000000) refers (Special) to libinit2.o(.ARM.Collect$$libinit$$00000023) for __rt_lib_init_stdio_1
    libinit.o(.ARM.Collect$$libinit$$00000000) refers (Special) to libinit2.o(.ARM.Collect$$libinit$$0000000A) for __rt_lib_init_user_alloc_1
    rtexit.o(.ARM.Collect$$rtexit$$00000000) refers (Special) to rtexit2.o(.ARM.Collect$$rtexit$$00000004) for __rt_exit_exit
    rtexit.o(.ARM.Collect$$rtexit$$00000000) refers (Special) to rtexit2.o(.ARM.Collect$$rtexit$$00000003) for __rt_exit_ls
    rtexit.o(.ARM.Collect$$rtexit$$00000000) refers (Special) to rtexit2.o(.ARM.Collect$$rtexit$$00000002) for __rt_exit_prels_1
    rtexit.o(.ARM.exidx) refers (Special) to rtexit2.o(.ARM.Collect$$rtexit$$00000004) for __rt_exit_exit
    rtexit.o(.ARM.exidx) refers (Special) to rtexit2.o(.ARM.Collect$$rtexit$$00000003) for __rt_exit_ls
    rtexit.o(.ARM.exidx) refers (Special) to rtexit2.o(.ARM.Collect$$rtexit$$00000002) for __rt_exit_prels_1
    rtexit.o(.ARM.exidx) refers to rtexit.o(.ARM.Collect$$rtexit$$00000000) for .ARM.Collect$$rtexit$$00000000
    libinit2.o(.ARM.Collect$$libinit$$00000001) refers to fpinit.o(x$fpl$fpinit) for _fp_init
    libinit2.o(.ARM.Collect$$libinit$$0000000E) refers to libinit2.o(.ARM.Collect$$libinit$$0000000D) for .ARM.Collect$$libinit$$0000000D
    libinit2.o(.ARM.Collect$$libinit$$00000010) refers to libinit2.o(.ARM.Collect$$libinit$$0000000D) for .ARM.Collect$$libinit$$0000000D
    libinit2.o(.ARM.Collect$$libinit$$00000012) refers to libinit2.o(.ARM.Collect$$libinit$$0000000D) for .ARM.Collect$$libinit$$0000000D
    libinit2.o(.ARM.Collect$$libinit$$00000014) refers to libinit2.o(.ARM.Collect$$libinit$$0000000D) for .ARM.Collect$$libinit$$0000000D
    libinit2.o(.ARM.Collect$$libinit$$00000016) refers to libinit2.o(.ARM.Collect$$libinit$$0000000D) for .ARM.Collect$$libinit$$0000000D
    libinit2.o(.ARM.Collect$$libinit$$00000024) refers to argv_veneer.o(.emb_text) for __ARM_argv_veneer
    libinit2.o(.ARM.Collect$$libinit$$00000025) refers to argv_veneer.o(.emb_text) for __ARM_argv_veneer
    rtexit2.o(.ARM.Collect$$rtexit$$00000003) refers to libshutdown.o(.ARM.Collect$$libshutdown$$00000000) for __rt_lib_shutdown
    rtexit2.o(.ARM.Collect$$rtexit$$00000004) refers to sys_exit.o(.text) for _sys_exit
    rtexit2.o(.ARM.exidx) refers to rtexit2.o(.ARM.Collect$$rtexit$$00000001) for .ARM.Collect$$rtexit$$00000001
    rtexit2.o(.ARM.exidx) refers to rtexit2.o(.ARM.Collect$$rtexit$$00000003) for .ARM.Collect$$rtexit$$00000003
    rtexit2.o(.ARM.exidx) refers to rtexit2.o(.ARM.Collect$$rtexit$$00000004) for .ARM.Collect$$rtexit$$00000004
    argv_veneer.o(.emb_text) refers to no_argv.o(.text) for __ARM_get_argv
    sys_exit.o(.text) refers (Special) to use_no_semi.o(.text) for __I$use$semihosting
    sys_exit.o(.text) refers (Special) to indicate_semi.o(.text) for __semihosting_library_function
    _get_argv_nomalloc.o(.text) refers (Special) to hrguard.o(.text) for __heap_region$guard
    _get_argv_nomalloc.o(.text) refers to defsig_rtmem_outer.o(.text) for __rt_SIGRTMEM
    _get_argv_nomalloc.o(.text) refers to sys_command.o(.text) for _sys_command_string
    libshutdown.o(.ARM.Collect$$libshutdown$$00000000) refers (Special) to libshutdown2.o(.ARM.Collect$$libshutdown$$00000006) for __rt_lib_shutdown_fp_trap_1
    libshutdown.o(.ARM.Collect$$libshutdown$$00000000) refers (Special) to libshutdown2.o(.ARM.Collect$$libshutdown$$0000000E) for __rt_lib_shutdown_heap_1
    libshutdown.o(.ARM.Collect$$libshutdown$$00000000) refers (Special) to libshutdown2.o(.ARM.Collect$$libshutdown$$0000000F) for __rt_lib_shutdown_return
    libshutdown.o(.ARM.Collect$$libshutdown$$00000000) refers (Special) to libshutdown2.o(.ARM.Collect$$libshutdown$$00000009) for __rt_lib_shutdown_signal_1
    libshutdown.o(.ARM.Collect$$libshutdown$$00000000) refers (Special) to libshutdown2.o(.ARM.Collect$$libshutdown$$00000003) for __rt_lib_shutdown_stdio_1
    libshutdown.o(.ARM.Collect$$libshutdown$$00000000) refers (Special) to libshutdown2.o(.ARM.Collect$$libshutdown$$0000000B) for __rt_lib_shutdown_user_alloc_1
    sys_command.o(.text) refers (Special) to use_no_semi.o(.text) for __I$use$semihosting
    sys_command.o(.text) refers (Special) to indicate_semi.o(.text) for __semihosting_library_function
    defsig_rtmem_outer.o(.text) refers to defsig_rtmem_inner.o(.text) for __rt_SIGRTMEM_inner
    defsig_rtmem_outer.o(.text) refers to defsig_exit.o(.text) for __sig_exit
    defsig_rtmem_formal.o(.text) refers to rt_raise.o(.text) for __rt_raise
    rt_raise.o(.text) refers to __raise.o(.text) for __raise
    rt_raise.o(.text) refers to sys_exit.o(.text) for _sys_exit
    defsig_exit.o(.text) refers to sys_exit.o(.text) for _sys_exit
    defsig_rtmem_inner.o(.text) refers to defsig_general.o(.text) for __default_signal_display
    __raise.o(.text) refers to defsig.o(CL$$defsig) for __default_signal_handler
    defsig_general.o(.text) refers to sys_wrch.o(.text) for _ttywrch
    sys_wrch.o(.text) refers (Special) to use_no_semi.o(.text) for __I$use$semihosting
    sys_wrch.o(.text) refers (Special) to indicate_semi.o(.text) for __semihosting_library_function
    defsig.o(CL$$defsig) refers to defsig_rtmem_inner.o(.text) for __rt_SIGRTMEM_inner
    defsig_abrt_inner.o(.text) refers to defsig_general.o(.text) for __default_signal_display
    defsig_fpe_inner.o(.text) refers to defsig_general.o(.text) for __default_signal_display
    defsig_rtred_inner.o(.text) refers to defsig_general.o(.text) for __default_signal_display
    defsig_stak_inner.o(.text) refers to defsig_general.o(.text) for __default_signal_display
    defsig_pvfn_inner.o(.text) refers to defsig_general.o(.text) for __default_signal_display
    defsig_cppl_inner.o(.text) refers to defsig_general.o(.text) for __default_signal_display
    defsig_segv_inner.o(.text) refers to defsig_general.o(.text) for __default_signal_display
    defsig_other.o(.text) refers to defsig_general.o(.text) for __default_signal_display


==============================================================================

Removing Unused input sections from the image.

    Removing array.o(.rev16_text), (4 bytes).
    Removing array.o(.revsh_text), (4 bytes).
    Removing array.o(.text), (14 bytes).
    Removing delayms.o(.text), (26 bytes).
    Removing main.o(.rev16_text), (4 bytes).
    Removing main.o(.revsh_text), (4 bytes).
    Removing uart_init.o(.rev16_text), (4 bytes).
    Removing uart_init.o(.revsh_text), (4 bytes).
    Removing uart2_receiver.o(.text), (24 bytes).

9 unused section(s) (total 88 bytes) removed from the image.

==============================================================================

Image Symbol Table

    Local Symbols

    Symbol Name                              Value     Ov Type        Size  Object(Section)

    RESET                                    0x00000000   Section      620  startup_tm4c123.o(RESET)
    ../clib/angel/boardlib.s                 0x00000000   Number         0  boardinit1.o ABSOLUTE
    ../clib/angel/boardlib.s                 0x00000000   Number         0  boardinit2.o ABSOLUTE
    ../clib/angel/boardlib.s                 0x00000000   Number         0  boardshut.o ABSOLUTE
    ../clib/angel/boardlib.s                 0x00000000   Number         0  boardinit3.o ABSOLUTE
    ../clib/angel/handlers.s                 0x00000000   Number         0  __scatter_zi.o ABSOLUTE
    ../clib/angel/kernel.s                   0x00000000   Number         0  rtentry4.o ABSOLUTE
    ../clib/angel/kernel.s                   0x00000000   Number         0  rtentry.o ABSOLUTE
    ../clib/angel/kernel.s                   0x00000000   Number         0  rtentry2.o ABSOLUTE
    ../clib/angel/kernel.s                   0x00000000   Number         0  rtexit2.o ABSOLUTE
    ../clib/angel/kernel.s                   0x00000000   Number         0  rtexit.o ABSOLUTE
    ../clib/angel/rt.s                       0x00000000   Number         0  rt_errno_addr.o ABSOLUTE
    ../clib/angel/rt.s                       0x00000000   Number         0  rt_errno_addr_intlibspace.o ABSOLUTE
    ../clib/angel/rt.s                       0x00000000   Number         0  rt_raise.o ABSOLUTE
    ../clib/angel/scatter.s                  0x00000000   Number         0  __scatter.o ABSOLUTE
    ../clib/angel/startup.s                  0x00000000   Number         0  __main.o ABSOLUTE
    ../clib/angel/sys.s                      0x00000000   Number         0  sys_stackheap_outer.o ABSOLUTE
    ../clib/angel/sys.s                      0x00000000   Number         0  use_no_semi.o ABSOLUTE
    ../clib/angel/sys.s                      0x00000000   Number         0  libspace.o ABSOLUTE
    ../clib/angel/sys.s                      0x00000000   Number         0  indicate_semi.o ABSOLUTE
    ../clib/angel/sysapp.c                   0x00000000   Number         0  sys_wrch.o ABSOLUTE
    ../clib/angel/sysapp.c                   0x00000000   Number         0  sys_exit.o ABSOLUTE
    ../clib/angel/sysapp.c                   0x00000000   Number         0  sys_command.o ABSOLUTE
    ../clib/armsys.c                         0x00000000   Number         0  argv_veneer.o ABSOLUTE
    ../clib/armsys.c                         0x00000000   Number         0  argv_veneer.o ABSOLUTE
    ../clib/armsys.c                         0x00000000   Number         0  _get_argv_nomalloc.o ABSOLUTE
    ../clib/armsys.c                         0x00000000   Number         0  no_argv.o ABSOLUTE
    ../clib/fenv.c                           0x00000000   Number         0  _rserrno.o ABSOLUTE
    ../clib/heapalloc.c                      0x00000000   Number         0  hrguard.o ABSOLUTE
    ../clib/heapaux.c                        0x00000000   Number         0  heapauxi.o ABSOLUTE
    ../clib/libinit.s                        0x00000000   Number         0  libshutdown2.o ABSOLUTE
    ../clib/libinit.s                        0x00000000   Number         0  libshutdown.o ABSOLUTE
    ../clib/libinit.s                        0x00000000   Number         0  libinit.o ABSOLUTE
    ../clib/libinit.s                        0x00000000   Number         0  libinit2.o ABSOLUTE
    ../clib/memcpset.s                       0x00000000   Number         0  rt_memcpy_w.o ABSOLUTE
    ../clib/signal.c                         0x00000000   Number         0  defsig_segv_inner.o ABSOLUTE
    ../clib/signal.c                         0x00000000   Number         0  defsig_exit.o ABSOLUTE
    ../clib/signal.c                         0x00000000   Number         0  __raise.o ABSOLUTE
    ../clib/signal.c                         0x00000000   Number         0  defsig_other.o ABSOLUTE
    ../clib/signal.c                         0x00000000   Number         0  defsig_rtmem_inner.o ABSOLUTE
    ../clib/signal.c                         0x00000000   Number         0  defsig_fpe_inner.o ABSOLUTE
    ../clib/signal.c                         0x00000000   Number         0  defsig_cppl_inner.o ABSOLUTE
    ../clib/signal.c                         0x00000000   Number         0  defsig_pvfn_inner.o ABSOLUTE
    ../clib/signal.c                         0x00000000   Number         0  defsig_stak_inner.o ABSOLUTE
    ../clib/signal.c                         0x00000000   Number         0  defsig_rtred_inner.o ABSOLUTE
    ../clib/signal.c                         0x00000000   Number         0  defsig_rtmem_formal.o ABSOLUTE
    ../clib/signal.c                         0x00000000   Number         0  defsig_abrt_inner.o ABSOLUTE
    ../clib/signal.c                         0x00000000   Number         0  defsig_general.o ABSOLUTE
    ../clib/signal.c                         0x00000000   Number         0  defsig_rtmem_outer.o ABSOLUTE
    ../clib/signal.s                         0x00000000   Number         0  defsig.o ABSOLUTE
    ../clib/stdlib.c                         0x00000000   Number         0  exit.o ABSOLUTE
    ../fplib/basic.s                         0x00000000   Number         0  basic.o ABSOLUTE
    ../fplib/d2f.s                           0x00000000   Number         0  d2f.o ABSOLUTE
    ../fplib/daddsub.s                       0x00000000   Number         0  daddsub_clz.o ABSOLUTE
    ../fplib/dcmpi.s                         0x00000000   Number         0  dcmpi.o ABSOLUTE
    ../fplib/ddiv.s                          0x00000000   Number         0  ddiv.o ABSOLUTE
    ../fplib/dfix.s                          0x00000000   Number         0  dfix.o ABSOLUTE
    ../fplib/dflt.s                          0x00000000   Number         0  dflt_clz.o ABSOLUTE
    ../fplib/dleqf.s                         0x00000000   Number         0  dleqf.o ABSOLUTE
    ../fplib/dmul.s                          0x00000000   Number         0  dmul.o ABSOLUTE
    ../fplib/dnaninf.s                       0x00000000   Number         0  dnaninf.o ABSOLUTE
    ../fplib/dretinf.s                       0x00000000   Number         0  dretinf.o ABSOLUTE
    ../fplib/dsqrt.s                         0x00000000   Number         0  dsqrt_umaal.o ABSOLUTE
    ../fplib/f2d.s                           0x00000000   Number         0  f2d.o ABSOLUTE
    ../fplib/fnaninf.s                       0x00000000   Number         0  fnaninf.o ABSOLUTE
    ../fplib/fpinit.s                        0x00000000   Number         0  fpinit.o ABSOLUTE
    ../fplib/fretinf.s                       0x00000000   Number         0  fretinf.o ABSOLUTE
    ../fplib/usenofp.s                       0x00000000   Number         0  usenofp.o ABSOLUTE
    ../mathlib/atan.c                        0x00000000   Number         0  atan.o ABSOLUTE
    ../mathlib/atan.c                        0x00000000   Number         0  atan_x.o ABSOLUTE
    ../mathlib/atan2.c                       0x00000000   Number         0  atan2_x.o ABSOLUTE
    ../mathlib/atan2.c                       0x00000000   Number         0  atan2.o ABSOLUTE
    ../mathlib/cos.c                         0x00000000   Number         0  cos.o ABSOLUTE
    ../mathlib/cos.c                         0x00000000   Number         0  cos_x.o ABSOLUTE
    ../mathlib/cos_i.c                       0x00000000   Number         0  cos_i.o ABSOLUTE
    ../mathlib/dunder.c                      0x00000000   Number         0  dunder.o ABSOLUTE
    ../mathlib/fabs.c                        0x00000000   Number         0  fabs.o ABSOLUTE
    ../mathlib/fpclassify.c                  0x00000000   Number         0  fpclassify.o ABSOLUTE
    ../mathlib/poly.c                        0x00000000   Number         0  poly.o ABSOLUTE
    ../mathlib/qnan.c                        0x00000000   Number         0  qnan.o ABSOLUTE
    ../mathlib/rred.c                        0x00000000   Number         0  rred.o ABSOLUTE
    ../mathlib/sin.c                         0x00000000   Number         0  sin.o ABSOLUTE
    ../mathlib/sin.c                         0x00000000   Number         0  sin_x.o ABSOLUTE
    ../mathlib/sin_i.c                       0x00000000   Number         0  sin_i.o ABSOLUTE
    ../mathlib/sin_i.c                       0x00000000   Number         0  sin_i_x.o ABSOLUTE
    ../mathlib/sqrt.c                        0x00000000   Number         0  sqrt.o ABSOLUTE
    ../mathlib/sqrt.c                        0x00000000   Number         0  sqrt_x.o ABSOLUTE
    ..\\try_whole2\\UART_init.c              0x00000000   Number         0  uart_init.o ABSOLUTE
    ..\\try_whole2\\array.c                  0x00000000   Number         0  array.o ABSOLUTE
    ..\\try_whole2\\main.c                   0x00000000   Number         0  main.o ABSOLUTE
    ..\try_whole2\CalcGPSDistance.c          0x00000000   Number         0  calcgpsdistance.o ABSOLUTE
    ..\try_whole2\LED_init.c                 0x00000000   Number         0  led_init.o ABSOLUTE
    ..\try_whole2\Seven_init.c               0x00000000   Number         0  seven_init.o ABSOLUTE
    ..\try_whole2\UART2_Receiver.c           0x00000000   Number         0  uart2_receiver.o ABSOLUTE
    ..\try_whole2\UART_init.c                0x00000000   Number         0  uart_init.o ABSOLUTE
    ..\try_whole2\array.c                    0x00000000   Number         0  array.o ABSOLUTE
    ..\try_whole2\checkDist.c                0x00000000   Number         0  checkdist.o ABSOLUTE
    ..\try_whole2\delayMs.c                  0x00000000   Number         0  delayms.o ABSOLUTE
    ..\try_whole2\main.c                     0x00000000   Number         0  main.o ABSOLUTE
    ..\try_whole2\parcing.c                  0x00000000   Number         0  parcing.o ABSOLUTE
    ..\try_whole2\ssd_v2.c                   0x00000000   Number         0  ssd_v2.o ABSOLUTE
    dc.s                                     0x00000000   Number         0  dc.o ABSOLUTE
    startup_TM4C123.s                        0x00000000   Number         0  startup_tm4c123.o ABSOLUTE
    !!!main                                  0x0000026c   Section        8  __main.o(!!!main)
    !!!scatter                               0x00000274   Section       52  __scatter.o(!!!scatter)
    !!handler_zi                             0x000002a8   Section       28  __scatter_zi.o(!!handler_zi)
    .ARM.Collect$$libinit$$00000000          0x000002c4   Section        2  libinit.o(.ARM.Collect$$libinit$$00000000)
    .ARM.Collect$$libinit$$00000001          0x000002c6   Section        4  libinit2.o(.ARM.Collect$$libinit$$00000001)
    .ARM.Collect$$libinit$$00000008          0x000002ca   Section        0  libinit2.o(.ARM.Collect$$libinit$$00000008)
    .ARM.Collect$$libinit$$0000000A          0x000002ca   Section        0  libinit2.o(.ARM.Collect$$libinit$$0000000A)
    .ARM.Collect$$libinit$$0000000C          0x000002ca   Section        0  libinit2.o(.ARM.Collect$$libinit$$0000000C)
    .ARM.Collect$$libinit$$0000000F          0x000002ca   Section        0  libinit2.o(.ARM.Collect$$libinit$$0000000F)
    .ARM.Collect$$libinit$$00000011          0x000002ca   Section        0  libinit2.o(.ARM.Collect$$libinit$$00000011)
    .ARM.Collect$$libinit$$00000013          0x000002ca   Section        0  libinit2.o(.ARM.Collect$$libinit$$00000013)
    .ARM.Collect$$libinit$$00000015          0x000002ca   Section        0  libinit2.o(.ARM.Collect$$libinit$$00000015)
    .ARM.Collect$$libinit$$00000017          0x000002ca   Section        0  libinit2.o(.ARM.Collect$$libinit$$00000017)
    .ARM.Collect$$libinit$$00000019          0x000002ca   Section        0  libinit2.o(.ARM.Collect$$libinit$$00000019)
    .ARM.Collect$$libinit$$0000001B          0x000002ca   Section        0  libinit2.o(.ARM.Collect$$libinit$$0000001B)
    .ARM.Collect$$libinit$$0000001D          0x000002ca   Section        0  libinit2.o(.ARM.Collect$$libinit$$0000001D)
    .ARM.Collect$$libinit$$0000001F          0x000002ca   Section        0  libinit2.o(.ARM.Collect$$libinit$$0000001F)
    .ARM.Collect$$libinit$$00000021          0x000002ca   Section        0  libinit2.o(.ARM.Collect$$libinit$$00000021)
    .ARM.Collect$$libinit$$00000023          0x000002ca   Section        0  libinit2.o(.ARM.Collect$$libinit$$00000023)
    .ARM.Collect$$libinit$$0000002A          0x000002ca   Section        0  libinit2.o(.ARM.Collect$$libinit$$0000002A)
    .ARM.Collect$$libinit$$0000002C          0x000002ca   Section        0  libinit2.o(.ARM.Collect$$libinit$$0000002C)
    .ARM.Collect$$libinit$$0000002E          0x000002ca   Section        0  libinit2.o(.ARM.Collect$$libinit$$0000002E)
    .ARM.Collect$$libinit$$00000030          0x000002ca   Section        0  libinit2.o(.ARM.Collect$$libinit$$00000030)
    .ARM.Collect$$libinit$$00000031          0x000002ca   Section        2  libinit2.o(.ARM.Collect$$libinit$$00000031)
    .ARM.Collect$$libshutdown$$00000000      0x000002cc   Section        2  libshutdown.o(.ARM.Collect$$libshutdown$$00000000)
    .ARM.Collect$$libshutdown$$00000003      0x000002ce   Section        0  libshutdown2.o(.ARM.Collect$$libshutdown$$00000003)
    .ARM.Collect$$libshutdown$$00000006      0x000002ce   Section        0  libshutdown2.o(.ARM.Collect$$libshutdown$$00000006)
    .ARM.Collect$$libshutdown$$00000009      0x000002ce   Section        0  libshutdown2.o(.ARM.Collect$$libshutdown$$00000009)
    .ARM.Collect$$libshutdown$$0000000B      0x000002ce   Section        0  libshutdown2.o(.ARM.Collect$$libshutdown$$0000000B)
    .ARM.Collect$$libshutdown$$0000000E      0x000002ce   Section        0  libshutdown2.o(.ARM.Collect$$libshutdown$$0000000E)
    .ARM.Collect$$libshutdown$$0000000F      0x000002ce   Section        2  libshutdown2.o(.ARM.Collect$$libshutdown$$0000000F)
    .ARM.Collect$$rtentry$$00000000          0x000002d0   Section        0  rtentry.o(.ARM.Collect$$rtentry$$00000000)
    .ARM.Collect$$rtentry$$00000002          0x000002d0   Section        0  rtentry2.o(.ARM.Collect$$rtentry$$00000002)
    .ARM.Collect$$rtentry$$00000004          0x000002d0   Section        6  rtentry4.o(.ARM.Collect$$rtentry$$00000004)
    .ARM.Collect$$rtentry$$00000009          0x000002d6   Section        0  rtentry2.o(.ARM.Collect$$rtentry$$00000009)
    .ARM.Collect$$rtentry$$0000000A          0x000002d6   Section        4  rtentry2.o(.ARM.Collect$$rtentry$$0000000A)
    .ARM.Collect$$rtentry$$0000000C          0x000002da   Section        0  rtentry2.o(.ARM.Collect$$rtentry$$0000000C)
    .ARM.Collect$$rtentry$$0000000D          0x000002da   Section        8  rtentry2.o(.ARM.Collect$$rtentry$$0000000D)
    .ARM.Collect$$rtexit$$00000000           0x000002e2   Section        2  rtexit.o(.ARM.Collect$$rtexit$$00000000)
    .ARM.Collect$$rtexit$$00000002           0x000002e4   Section        0  rtexit2.o(.ARM.Collect$$rtexit$$00000002)
    .ARM.Collect$$rtexit$$00000003           0x000002e4   Section        4  rtexit2.o(.ARM.Collect$$rtexit$$00000003)
    .ARM.Collect$$rtexit$$00000004           0x000002e8   Section        6  rtexit2.o(.ARM.Collect$$rtexit$$00000004)
    .text                                    0x000002f0   Section      276  startup_tm4c123.o(.text)
    $v0                                      0x000002f0   Number         0  startup_tm4c123.o(.text)
    .text                                    0x00000404   Section        0  calcgpsdistance.o(.text)
    .text                                    0x000006b4   Section        0  checkdist.o(.text)
    .text                                    0x000006d0   Section        0  led_init.o(.text)
    .text                                    0x00000754   Section        0  main.o(.text)
    .text                                    0x00000884   Section        0  parcing.o(.text)
    .text                                    0x00000c14   Section        0  seven_init.o(.text)
    .text                                    0x00000c64   Section        0  ssd_v2.o(.text)
    .text                                    0x00000cb8   Section        0  uart_init.o(.text)
    .text                                    0x00000cba   Section      100  rt_memcpy_w.o(.text)
    .text                                    0x00000d1e   Section        0  heapauxi.o(.text)
    .text                                    0x00000d24   Section        0  _rserrno.o(.text)
    .text                                    0x00000d3c   Section        8  rt_errno_addr_intlibspace.o(.text)
    .text                                    0x00000d44   Section        8  libspace.o(.text)
    .text                                    0x00000d4c   Section       74  sys_stackheap_outer.o(.text)
    .text                                    0x00000d96   Section        0  exit.o(.text)
    .text                                    0x00000da4   Section        0  sys_exit.o(.text)
    .text                                    0x00000db0   Section        2  use_no_semi.o(.text)
    .text                                    0x00000db2   Section        0  indicate_semi.o(.text)
    i.__ARM_fpclassify                       0x00000db2   Section        0  fpclassify.o(i.__ARM_fpclassify)
    i.__hardfp_atan                          0x00000de8   Section        0  atan.o(i.__hardfp_atan)
    i.__hardfp_atan2                         0x000010d0   Section        0  atan2.o(i.__hardfp_atan2)
    i.__hardfp_cos                           0x000012b0   Section        0  cos.o(i.__hardfp_cos)
    i.__hardfp_sin                           0x00001388   Section        0  sin.o(i.__hardfp_sin)
    i.__hardfp_sqrt                          0x00001460   Section        0  sqrt.o(i.__hardfp_sqrt)
    i.__ieee754_rem_pio2                     0x000014e0   Section        0  rred.o(i.__ieee754_rem_pio2)
    i.__kernel_cos                           0x00001938   Section        0  cos_i.o(i.__kernel_cos)
    i.__kernel_poly                          0x00001aa8   Section        0  poly.o(i.__kernel_poly)
    i.__kernel_sin                           0x00001ba0   Section        0  sin_i.o(i.__kernel_sin)
    i.__mathlib_dbl_underflow                0x00001cd0   Section        0  dunder.o(i.__mathlib_dbl_underflow)
    i.atan                                   0x00001cf0   Section        0  atan.o(i.atan)
    i.fabs                                   0x00001d00   Section        0  fabs.o(i.fabs)
    x$fpl$basic                              0x00001d20   Section       24  basic.o(x$fpl$basic)
    $v0                                      0x00001d20   Number         0  basic.o(x$fpl$basic)
    x$fpl$d2f                                0x00001d38   Section       98  d2f.o(x$fpl$d2f)
    $v0                                      0x00001d38   Number         0  d2f.o(x$fpl$d2f)
    x$fpl$dadd                               0x00001d9c   Section      336  daddsub_clz.o(x$fpl$dadd)
    $v0                                      0x00001d9c   Number         0  daddsub_clz.o(x$fpl$dadd)
    _dadd1                                   0x00001dad   Thumb Code     0  daddsub_clz.o(x$fpl$dadd)
    x$fpl$ddiv                               0x00001eec   Section      688  ddiv.o(x$fpl$ddiv)
    $v0                                      0x00001eec   Number         0  ddiv.o(x$fpl$ddiv)
    ddiv_entry                               0x00001ef3   Thumb Code     0  ddiv.o(x$fpl$ddiv)
    x$fpl$dfix                               0x0000219c   Section       94  dfix.o(x$fpl$dfix)
    $v0                                      0x0000219c   Number         0  dfix.o(x$fpl$dfix)
    x$fpl$dflt                               0x000021fa   Section       46  dflt_clz.o(x$fpl$dflt)
    $v0                                      0x000021fa   Number         0  dflt_clz.o(x$fpl$dflt)
    x$fpl$dfltu                              0x00002228   Section       38  dflt_clz.o(x$fpl$dfltu)
    $v0                                      0x00002228   Number         0  dflt_clz.o(x$fpl$dfltu)
    x$fpl$dmul                               0x00002250   Section      340  dmul.o(x$fpl$dmul)
    $v0                                      0x00002250   Number         0  dmul.o(x$fpl$dmul)
    x$fpl$dnaninf                            0x000023a4   Section      156  dnaninf.o(x$fpl$dnaninf)
    $v0                                      0x000023a4   Number         0  dnaninf.o(x$fpl$dnaninf)
    x$fpl$dretinf                            0x00002440   Section       12  dretinf.o(x$fpl$dretinf)
    $v0                                      0x00002440   Number         0  dretinf.o(x$fpl$dretinf)
    x$fpl$drsb                               0x0000244c   Section       22  daddsub_clz.o(x$fpl$drsb)
    $v0                                      0x0000244c   Number         0  daddsub_clz.o(x$fpl$drsb)
    x$fpl$dsqrt                              0x00002464   Section      408  dsqrt_umaal.o(x$fpl$dsqrt)
    $v0                                      0x00002464   Number         0  dsqrt_umaal.o(x$fpl$dsqrt)
    x$fpl$dsub                               0x000025fc   Section      468  daddsub_clz.o(x$fpl$dsub)
    $v0                                      0x000025fc   Number         0  daddsub_clz.o(x$fpl$dsub)
    _dsub1                                   0x0000260d   Thumb Code     0  daddsub_clz.o(x$fpl$dsub)
    x$fpl$f2d                                0x000027d0   Section       86  f2d.o(x$fpl$f2d)
    $v0                                      0x000027d0   Number         0  f2d.o(x$fpl$f2d)
    x$fpl$fnaninf                            0x00002826   Section      140  fnaninf.o(x$fpl$fnaninf)
    $v0                                      0x00002826   Number         0  fnaninf.o(x$fpl$fnaninf)
    x$fpl$fpinit                             0x000028b2   Section       10  fpinit.o(x$fpl$fpinit)
    $v0                                      0x000028b2   Number         0  fpinit.o(x$fpl$fpinit)
    x$fpl$fretinf                            0x000028bc   Section       10  fretinf.o(x$fpl$fretinf)
    $v0                                      0x000028bc   Number         0  fretinf.o(x$fpl$fretinf)
    x$fpl$usenofp                            0x000028c6   Section        0  usenofp.o(x$fpl$usenofp)
    .constdata                               0x000028c8   Section      151  main.o(.constdata)
    .constdata                               0x00002960   Section      152  atan.o(.constdata)
    atanhi                                   0x00002960   Data          32  atan.o(.constdata)
    atanlo                                   0x00002980   Data          32  atan.o(.constdata)
    aTodd                                    0x000029a0   Data          40  atan.o(.constdata)
    aTeven                                   0x000029c8   Data          48  atan.o(.constdata)
    .constdata                               0x000029f8   Section       48  cos_i.o(.constdata)
    C                                        0x000029f8   Data          48  cos_i.o(.constdata)
    .constdata                               0x00002a28   Section        8  qnan.o(.constdata)
    .constdata                               0x00002a30   Section      200  rred.o(.constdata)
    pio2s                                    0x00002a30   Data          48  rred.o(.constdata)
    twooverpi                                0x00002a60   Data         152  rred.o(.constdata)
    .constdata                               0x00002af8   Section       40  sin_i.o(.constdata)
    S                                        0x00002af8   Data          40  sin_i.o(.constdata)
    .bss                                     0x20000000   Section       96  libspace.o(.bss)
    HEAP                                     0x20000060   Section        0  startup_tm4c123.o(HEAP)
    STACK                                    0x20000060   Section      512  startup_tm4c123.o(STACK)
    Heap_Mem                                 0x20000060   Data           0  startup_tm4c123.o(HEAP)
    Stack_Mem                                0x20000060   Data         512  startup_tm4c123.o(STACK)
    __initial_sp                             0x20000260   Data           0  startup_tm4c123.o(STACK)

    Global Symbols

    Symbol Name                              Value     Ov Type        Size  Object(Section)

    BuildAttributes$$THM_ISAv4$E$P$D$K$B$S$7EM$VFPi3$EXTD16$VFPS$VFMA$PE$A:L22UL41UL21$X:L11$S22US41US21$IEEE1$IW$USESV6$~STKCKD$USESV7$~SHL$OTIME$ROPI$IEEEX$EBA8$UX$STANDARDLIB$REQ8$PRES8$EABIv2 0x00000000   Number         0  anon$$obj.o ABSOLUTE
    __ARM_use_no_argv                        0x00000000   Number         0  main.o ABSOLUTE
    __Vectors                                0x00000000   Data           4  startup_tm4c123.o(RESET)
    __ARM_exceptions_init                     - Undefined Weak Reference
    __alloca_initialize                       - Undefined Weak Reference
    __cpp_initialize__aeabi_                  - Undefined Weak Reference
    __cxa_finalize                            - Undefined Weak Reference
    __rt_locale                               - Undefined Weak Reference
    __sigvec_lookup                           - Undefined Weak Reference
    _atexit_init                              - Undefined Weak Reference
    _call_atexit_fns                          - Undefined Weak Reference
    _clock_init                               - Undefined Weak Reference
    _fp_trap_init                             - Undefined Weak Reference
    _fp_trap_shutdown                         - Undefined Weak Reference
    _get_lc_collate                           - Undefined Weak Reference
    _get_lc_ctype                             - Undefined Weak Reference
    _get_lc_monetary                          - Undefined Weak Reference
    _get_lc_numeric                           - Undefined Weak Reference
    _get_lc_time                              - Undefined Weak Reference
    _getenv_init                              - Undefined Weak Reference
    _handle_redirection                       - Undefined Weak Reference
    _init_alloc                               - Undefined Weak Reference
    _init_user_alloc                          - Undefined Weak Reference
    _initio                                   - Undefined Weak Reference
    _rand_init                                - Undefined Weak Reference
    _signal_finish                            - Undefined Weak Reference
    _signal_init                              - Undefined Weak Reference
    _terminate_alloc                          - Undefined Weak Reference
    _terminate_user_alloc                     - Undefined Weak Reference
    _terminateio                              - Undefined Weak Reference
    __Vectors_End                            0x0000026c   Data           0  startup_tm4c123.o(RESET)
    __Vectors_Size                           0x0000026c   Number         0  startup_tm4c123.o ABSOLUTE
    __main                                   0x0000026d   Thumb Code     8  __main.o(!!!main)
    __scatterload                            0x00000275   Thumb Code     0  __scatter.o(!!!scatter)
    __scatterload_rt2                        0x00000275   Thumb Code    44  __scatter.o(!!!scatter)
    __scatterload_rt2_thumb_only             0x00000275   Thumb Code     0  __scatter.o(!!!scatter)
    __scatterload_null                       0x00000283   Thumb Code     0  __scatter.o(!!!scatter)
    __scatterload_zeroinit                   0x000002a9   Thumb Code    28  __scatter_zi.o(!!handler_zi)
    __rt_lib_init                            0x000002c5   Thumb Code     0  libinit.o(.ARM.Collect$$libinit$$00000000)
    __rt_lib_init_fp_1                       0x000002c7   Thumb Code     0  libinit2.o(.ARM.Collect$$libinit$$00000001)
    __rt_lib_init_alloca_1                   0x000002cb   Thumb Code     0  libinit2.o(.ARM.Collect$$libinit$$0000002C)
    __rt_lib_init_argv_1                     0x000002cb   Thumb Code     0  libinit2.o(.ARM.Collect$$libinit$$0000002A)
    __rt_lib_init_atexit_1                   0x000002cb   Thumb Code     0  libinit2.o(.ARM.Collect$$libinit$$00000019)
    __rt_lib_init_clock_1                    0x000002cb   Thumb Code     0  libinit2.o(.ARM.Collect$$libinit$$0000001F)
    __rt_lib_init_cpp_1                      0x000002cb   Thumb Code     0  libinit2.o(.ARM.Collect$$libinit$$00000030)
    __rt_lib_init_exceptions_1               0x000002cb   Thumb Code     0  libinit2.o(.ARM.Collect$$libinit$$0000002E)
    __rt_lib_init_fp_trap_1                  0x000002cb   Thumb Code     0  libinit2.o(.ARM.Collect$$libinit$$0000001D)
    __rt_lib_init_getenv_1                   0x000002cb   Thumb Code     0  libinit2.o(.ARM.Collect$$libinit$$00000021)
    __rt_lib_init_heap_1                     0x000002cb   Thumb Code     0  libinit2.o(.ARM.Collect$$libinit$$00000008)
    __rt_lib_init_lc_collate_1               0x000002cb   Thumb Code     0  libinit2.o(.ARM.Collect$$libinit$$0000000F)
    __rt_lib_init_lc_ctype_1                 0x000002cb   Thumb Code     0  libinit2.o(.ARM.Collect$$libinit$$00000011)
    __rt_lib_init_lc_monetary_1              0x000002cb   Thumb Code     0  libinit2.o(.ARM.Collect$$libinit$$00000013)
    __rt_lib_init_lc_numeric_1               0x000002cb   Thumb Code     0  libinit2.o(.ARM.Collect$$libinit$$00000015)
    __rt_lib_init_lc_time_1                  0x000002cb   Thumb Code     0  libinit2.o(.ARM.Collect$$libinit$$00000017)
    __rt_lib_init_rand_1                     0x000002cb   Thumb Code     0  libinit2.o(.ARM.Collect$$libinit$$0000000C)
    __rt_lib_init_return                     0x000002cb   Thumb Code     0  libinit2.o(.ARM.Collect$$libinit$$00000031)
    __rt_lib_init_signal_1                   0x000002cb   Thumb Code     0  libinit2.o(.ARM.Collect$$libinit$$0000001B)
    __rt_lib_init_stdio_1                    0x000002cb   Thumb Code     0  libinit2.o(.ARM.Collect$$libinit$$00000023)
    __rt_lib_init_user_alloc_1               0x000002cb   Thumb Code     0  libinit2.o(.ARM.Collect$$libinit$$0000000A)
    __rt_lib_shutdown                        0x000002cd   Thumb Code     0  libshutdown.o(.ARM.Collect$$libshutdown$$00000000)
    __rt_lib_shutdown_fp_trap_1              0x000002cf   Thumb Code     0  libshutdown2.o(.ARM.Collect$$libshutdown$$00000006)
    __rt_lib_shutdown_heap_1                 0x000002cf   Thumb Code     0  libshutdown2.o(.ARM.Collect$$libshutdown$$0000000E)
    __rt_lib_shutdown_return                 0x000002cf   Thumb Code     0  libshutdown2.o(.ARM.Collect$$libshutdown$$0000000F)
    __rt_lib_shutdown_signal_1               0x000002cf   Thumb Code     0  libshutdown2.o(.ARM.Collect$$libshutdown$$00000009)
    __rt_lib_shutdown_stdio_1                0x000002cf   Thumb Code     0  libshutdown2.o(.ARM.Collect$$libshutdown$$00000003)
    __rt_lib_shutdown_user_alloc_1           0x000002cf   Thumb Code     0  libshutdown2.o(.ARM.Collect$$libshutdown$$0000000B)
    __rt_entry                               0x000002d1   Thumb Code     0  rtentry.o(.ARM.Collect$$rtentry$$00000000)
    __rt_entry_presh_1                       0x000002d1   Thumb Code     0  rtentry2.o(.ARM.Collect$$rtentry$$00000002)
    __rt_entry_sh                            0x000002d1   Thumb Code     0  rtentry4.o(.ARM.Collect$$rtentry$$00000004)
    __rt_entry_li                            0x000002d7   Thumb Code     0  rtentry2.o(.ARM.Collect$$rtentry$$0000000A)
    __rt_entry_postsh_1                      0x000002d7   Thumb Code     0  rtentry2.o(.ARM.Collect$$rtentry$$00000009)
    __rt_entry_main                          0x000002db   Thumb Code     0  rtentry2.o(.ARM.Collect$$rtentry$$0000000D)
    __rt_entry_postli_1                      0x000002db   Thumb Code     0  rtentry2.o(.ARM.Collect$$rtentry$$0000000C)
    __rt_exit                                0x000002e3   Thumb Code     0  rtexit.o(.ARM.Collect$$rtexit$$00000000)
    __rt_exit_ls                             0x000002e5   Thumb Code     0  rtexit2.o(.ARM.Collect$$rtexit$$00000003)
    __rt_exit_prels_1                        0x000002e5   Thumb Code     0  rtexit2.o(.ARM.Collect$$rtexit$$00000002)
    __rt_exit_exit                           0x000002e9   Thumb Code     0  rtexit2.o(.ARM.Collect$$rtexit$$00000004)
    Reset_Handler                            0x000002f1   Thumb Code     8  startup_tm4c123.o(.text)
    NMI_Handler                              0x000002f9   Thumb Code     2  startup_tm4c123.o(.text)
    HardFault_Handler                        0x000002fb   Thumb Code     2  startup_tm4c123.o(.text)
    MemManage_Handler                        0x000002fd   Thumb Code     2  startup_tm4c123.o(.text)
    BusFault_Handler                         0x000002ff   Thumb Code     2  startup_tm4c123.o(.text)
    UsageFault_Handler                       0x00000301   Thumb Code     2  startup_tm4c123.o(.text)
    SVC_Handler                              0x00000303   Thumb Code     2  startup_tm4c123.o(.text)
    DebugMon_Handler                         0x00000305   Thumb Code     2  startup_tm4c123.o(.text)
    PendSV_Handler                           0x00000307   Thumb Code     2  startup_tm4c123.o(.text)
    SysTick_Handler                          0x00000309   Thumb Code     2  startup_tm4c123.o(.text)
    GPIOA_Handler                            0x0000030b   Thumb Code     2  startup_tm4c123.o(.text)
    GPIOB_Handler                            0x0000030d   Thumb Code     2  startup_tm4c123.o(.text)
    GPIOC_Handler                            0x0000030f   Thumb Code     2  startup_tm4c123.o(.text)
    GPIOD_Handler                            0x00000311   Thumb Code     2  startup_tm4c123.o(.text)
    GPIOE_Handler                            0x00000313   Thumb Code     2  startup_tm4c123.o(.text)
    UART0_Handler                            0x00000315   Thumb Code     2  startup_tm4c123.o(.text)
    UART1_Handler                            0x00000317   Thumb Code     2  startup_tm4c123.o(.text)
    SSI0_Handler                             0x00000319   Thumb Code     2  startup_tm4c123.o(.text)
    I2C0_Handler                             0x0000031b   Thumb Code     2  startup_tm4c123.o(.text)
    PMW0_FAULT_Handler                       0x0000031d   Thumb Code     2  startup_tm4c123.o(.text)
    PWM0_0_Handler                           0x0000031f   Thumb Code     2  startup_tm4c123.o(.text)
    PWM0_1_Handler                           0x00000321   Thumb Code     2  startup_tm4c123.o(.text)
    PWM0_2_Handler                           0x00000323   Thumb Code     2  startup_tm4c123.o(.text)
    QEI0_Handler                             0x00000325   Thumb Code     2  startup_tm4c123.o(.text)
    ADC0SS0_Handler                          0x00000327   Thumb Code     2  startup_tm4c123.o(.text)
    ADC0SS1_Handler                          0x00000329   Thumb Code     2  startup_tm4c123.o(.text)
    ADC0SS2_Handler                          0x0000032b   Thumb Code     2  startup_tm4c123.o(.text)
    ADC0SS3_Handler                          0x0000032d   Thumb Code     2  startup_tm4c123.o(.text)
    WDT0_Handler                             0x0000032f   Thumb Code     2  startup_tm4c123.o(.text)
    TIMER0A_Handler                          0x00000331   Thumb Code     2  startup_tm4c123.o(.text)
    TIMER0B_Handler                          0x00000333   Thumb Code     2  startup_tm4c123.o(.text)
    TIMER1A_Handler                          0x00000335   Thumb Code     2  startup_tm4c123.o(.text)
    TIMER1B_Handler                          0x00000337   Thumb Code     2  startup_tm4c123.o(.text)
    TIMER2A_Handler                          0x00000339   Thumb Code     2  startup_tm4c123.o(.text)
    TIMER2B_Handler                          0x0000033b   Thumb Code     2  startup_tm4c123.o(.text)
    COMP0_Handler                            0x0000033d   Thumb Code     2  startup_tm4c123.o(.text)
    COMP1_Handler                            0x0000033f   Thumb Code     2  startup_tm4c123.o(.text)
    COMP2_Handler                            0x00000341   Thumb Code     2  startup_tm4c123.o(.text)
    SYSCTL_Handler                           0x00000343   Thumb Code     2  startup_tm4c123.o(.text)
    FLASH_Handler                            0x00000345   Thumb Code     2  startup_tm4c123.o(.text)
    GPIOF_Handler                            0x00000347   Thumb Code     2  startup_tm4c123.o(.text)
    GPIOG_Handler                            0x00000349   Thumb Code     2  startup_tm4c123.o(.text)
    GPIOH_Handler                            0x0000034b   Thumb Code     2  startup_tm4c123.o(.text)
    UART2_Handler                            0x0000034d   Thumb Code     2  startup_tm4c123.o(.text)
    SSI1_Handler                             0x0000034f   Thumb Code     2  startup_tm4c123.o(.text)
    TIMER3A_Handler                          0x00000351   Thumb Code     2  startup_tm4c123.o(.text)
    TIMER3B_Handler                          0x00000353   Thumb Code     2  startup_tm4c123.o(.text)
    I2C1_Handler                             0x00000355   Thumb Code     2  startup_tm4c123.o(.text)
    QEI1_Handler                             0x00000357   Thumb Code     2  startup_tm4c123.o(.text)
    CAN0_Handler                             0x00000359   Thumb Code     2  startup_tm4c123.o(.text)
    CAN1_Handler                             0x0000035b   Thumb Code     2  startup_tm4c123.o(.text)
    CAN2_Handler                             0x0000035d   Thumb Code     2  startup_tm4c123.o(.text)
    HIB_Handler                              0x0000035f   Thumb Code     2  startup_tm4c123.o(.text)
    USB0_Handler                             0x00000361   Thumb Code     2  startup_tm4c123.o(.text)
    PWM0_3_Handler                           0x00000363   Thumb Code     2  startup_tm4c123.o(.text)
    UDMA_Handler                             0x00000365   Thumb Code     2  startup_tm4c123.o(.text)
    UDMAERR_Handler                          0x00000367   Thumb Code     2  startup_tm4c123.o(.text)
    ADC1SS0_Handler                          0x00000369   Thumb Code     2  startup_tm4c123.o(.text)
    ADC1SS1_Handler                          0x0000036b   Thumb Code     2  startup_tm4c123.o(.text)
    ADC1SS2_Handler                          0x0000036d   Thumb Code     2  startup_tm4c123.o(.text)
    ADC1SS3_Handler                          0x0000036f   Thumb Code     2  startup_tm4c123.o(.text)
    GPIOJ_Handler                            0x00000371   Thumb Code     2  startup_tm4c123.o(.text)
    GPIOK_Handler                            0x00000373   Thumb Code     2  startup_tm4c123.o(.text)
    GPIOL_Handler                            0x00000375   Thumb Code     2  startup_tm4c123.o(.text)
    SSI2_Handler                             0x00000377   Thumb Code     2  startup_tm4c123.o(.text)
    SSI3_Handler                             0x00000379   Thumb Code     2  startup_tm4c123.o(.text)
    UART3_Handler                            0x0000037b   Thumb Code     2  startup_tm4c123.o(.text)
    UART4_Handler                            0x0000037d   Thumb Code     2  startup_tm4c123.o(.text)
    UART5_Handler                            0x0000037f   Thumb Code     2  startup_tm4c123.o(.text)
    UART6_Handler                            0x00000381   Thumb Code     2  startup_tm4c123.o(.text)
    UART7_Handler                            0x00000383   Thumb Code     2  startup_tm4c123.o(.text)
    I2C2_Handler                             0x00000385   Thumb Code     2  startup_tm4c123.o(.text)
    I2C3_Handler                             0x00000387   Thumb Code     2  startup_tm4c123.o(.text)
    TIMER4A_Handler                          0x00000389   Thumb Code     2  startup_tm4c123.o(.text)
    TIMER4B_Handler                          0x0000038b   Thumb Code     2  startup_tm4c123.o(.text)
    TIMER5A_Handler                          0x0000038d   Thumb Code     2  startup_tm4c123.o(.text)
    TIMER5B_Handler                          0x0000038f   Thumb Code     2  startup_tm4c123.o(.text)
    WTIMER0A_Handler                         0x00000391   Thumb Code     2  startup_tm4c123.o(.text)
    WTIMER0B_Handler                         0x00000393   Thumb Code     2  startup_tm4c123.o(.text)
    WTIMER1A_Handler                         0x00000395   Thumb Code     2  startup_tm4c123.o(.text)
    WTIMER1B_Handler                         0x00000397   Thumb Code     2  startup_tm4c123.o(.text)
    WTIMER2A_Handler                         0x00000399   Thumb Code     2  startup_tm4c123.o(.text)
    WTIMER2B_Handler                         0x0000039b   Thumb Code     2  startup_tm4c123.o(.text)
    WTIMER3A_Handler                         0x0000039d   Thumb Code     2  startup_tm4c123.o(.text)
    WTIMER3B_Handler                         0x0000039f   Thumb Code     2  startup_tm4c123.o(.text)
    WTIMER4A_Handler                         0x000003a1   Thumb Code     2  startup_tm4c123.o(.text)
    WTIMER4B_Handler                         0x000003a3   Thumb Code     2  startup_tm4c123.o(.text)
    WTIMER5A_Handler                         0x000003a5   Thumb Code     2  startup_tm4c123.o(.text)
    WTIMER5B_Handler                         0x000003a7   Thumb Code     2  startup_tm4c123.o(.text)
    FPU_Handler                              0x000003a9   Thumb Code     2  startup_tm4c123.o(.text)
    I2C4_Handler                             0x000003ab   Thumb Code     2  startup_tm4c123.o(.text)
    I2C5_Handler                             0x000003ad   Thumb Code     2  startup_tm4c123.o(.text)
    GPIOM_Handler                            0x000003af   Thumb Code     2  startup_tm4c123.o(.text)
    GPION_Handler                            0x000003b1   Thumb Code     2  startup_tm4c123.o(.text)
    QEI2_Handler                             0x000003b3   Thumb Code     2  startup_tm4c123.o(.text)
    GPIOP0_Handler                           0x000003b5   Thumb Code     2  startup_tm4c123.o(.text)
    GPIOP1_Handler                           0x000003b7   Thumb Code     2  startup_tm4c123.o(.text)
    GPIOP2_Handler                           0x000003b9   Thumb Code     2  startup_tm4c123.o(.text)
    GPIOP3_Handler                           0x000003bb   Thumb Code     2  startup_tm4c123.o(.text)
    GPIOP4_Handler                           0x000003bd   Thumb Code     2  startup_tm4c123.o(.text)
    GPIOP5_Handler                           0x000003bf   Thumb Code     2  startup_tm4c123.o(.text)
    GPIOP6_Handler                           0x000003c1   Thumb Code     2  startup_tm4c123.o(.text)
    GPIOP7_Handler                           0x000003c3   Thumb Code     2  startup_tm4c123.o(.text)
    GPIOQ0_Handler                           0x000003c5   Thumb Code     2  startup_tm4c123.o(.text)
    GPIOQ1_Handler                           0x000003c7   Thumb Code     2  startup_tm4c123.o(.text)
    GPIOQ2_Handler                           0x000003c9   Thumb Code     2  startup_tm4c123.o(.text)
    GPIOQ3_Handler                           0x000003cb   Thumb Code     2  startup_tm4c123.o(.text)
    GPIOQ4_Handler                           0x000003cd   Thumb Code     2  startup_tm4c123.o(.text)
    GPIOQ5_Handler                           0x000003cf   Thumb Code     2  startup_tm4c123.o(.text)
    GPIOQ6_Handler                           0x000003d1   Thumb Code     2  startup_tm4c123.o(.text)
    GPIOQ7_Handler                           0x000003d3   Thumb Code     2  startup_tm4c123.o(.text)
    GPIOR_Handler                            0x000003d5   Thumb Code     2  startup_tm4c123.o(.text)
    GPIOS_Handler                            0x000003d7   Thumb Code     2  startup_tm4c123.o(.text)
    PMW1_0_Handler                           0x000003d9   Thumb Code     2  startup_tm4c123.o(.text)
    PWM1_1_Handler                           0x000003db   Thumb Code     2  startup_tm4c123.o(.text)
    PWM1_2_Handler                           0x000003dd   Thumb Code     2  startup_tm4c123.o(.text)
    PWM1_3_Handler                           0x000003df   Thumb Code     2  startup_tm4c123.o(.text)
    PWM1_FAULT_Handler                       0x000003e1   Thumb Code     2  startup_tm4c123.o(.text)
    __user_initial_stackheap                 0x000003e5   Thumb Code     0  startup_tm4c123.o(.text)
    deg2rad                                  0x00000405   Thumb Code    80  calcgpsdistance.o(.text)
    CalcGPSDistance                          0x00000455   Thumb Code   598  calcgpsdistance.o(.text)
    checkDist                                0x000006b5   Thumb Code    20  checkdist.o(.text)
    LED_init                                 0x000006d1   Thumb Code   112  led_init.o(.text)
    SystemInit                               0x00000755   Thumb Code    14  main.o(.text)
    main                                     0x00000763   Thumb Code   274  main.o(.text)
    parcing                                  0x00000885   Thumb Code   898  parcing.o(.text)
    Seven_init                               0x00000c15   Thumb Code    72  seven_init.o(.text)
    ssd_v2                                   0x00000c65   Thumb Code    74  ssd_v2.o(.text)
    UART_init                                0x00000cb9   Thumb Code     2  uart_init.o(.text)
    __aeabi_memcpy4                          0x00000cbb   Thumb Code     0  rt_memcpy_w.o(.text)
    __aeabi_memcpy8                          0x00000cbb   Thumb Code     0  rt_memcpy_w.o(.text)
    __rt_memcpy_w                            0x00000cbb   Thumb Code   100  rt_memcpy_w.o(.text)
    _memcpy_lastbytes_aligned                0x00000d03   Thumb Code     0  rt_memcpy_w.o(.text)
    __use_two_region_memory                  0x00000d1f   Thumb Code     2  heapauxi.o(.text)
    __rt_heap_escrow$2region                 0x00000d21   Thumb Code     2  heapauxi.o(.text)
    __rt_heap_expand$2region                 0x00000d23   Thumb Code     2  heapauxi.o(.text)
    __read_errno                             0x00000d25   Thumb Code    10  _rserrno.o(.text)
    __set_errno                              0x00000d2f   Thumb Code    12  _rserrno.o(.text)
    __aeabi_errno_addr                       0x00000d3d   Thumb Code     8  rt_errno_addr_intlibspace.o(.text)
    __errno$intlibspace                      0x00000d3d   Thumb Code     0  rt_errno_addr_intlibspace.o(.text)
    __rt_errno_addr$intlibspace              0x00000d3d   Thumb Code     0  rt_errno_addr_intlibspace.o(.text)
    __user_libspace                          0x00000d45   Thumb Code     8  libspace.o(.text)
    __user_perproc_libspace                  0x00000d45   Thumb Code     0  libspace.o(.text)
    __user_perthread_libspace                0x00000d45   Thumb Code     0  libspace.o(.text)
    __user_setup_stackheap                   0x00000d4d   Thumb Code    74  sys_stackheap_outer.o(.text)
    exit                                     0x00000d97   Thumb Code    12  exit.o(.text)
    _sys_exit                                0x00000da5   Thumb Code     8  sys_exit.o(.text)
    __I$use$semihosting                      0x00000db1   Thumb Code     0  use_no_semi.o(.text)
    __use_no_semihosting_swi                 0x00000db1   Thumb Code     2  use_no_semi.o(.text)
    __ARM_fpclassify                         0x00000db3   Thumb Code    48  fpclassify.o(i.__ARM_fpclassify)
    __semihosting_library_function           0x00000db3   Thumb Code     0  indicate_semi.o(.text)
    __hardfp_atan                            0x00000de9   Thumb Code   636  atan.o(i.__hardfp_atan)
    __hardfp_atan2                           0x000010d1   Thumb Code   416  atan2.o(i.__hardfp_atan2)
    __hardfp_cos                             0x000012b1   Thumb Code   200  cos.o(i.__hardfp_cos)
    __hardfp_sin                             0x00001389   Thumb Code   200  sin.o(i.__hardfp_sin)
    __hardfp_sqrt                            0x00001461   Thumb Code   122  sqrt.o(i.__hardfp_sqrt)
    __ieee754_rem_pio2                       0x000014e1   Thumb Code   972  rred.o(i.__ieee754_rem_pio2)
    __kernel_cos                             0x00001939   Thumb Code   322  cos_i.o(i.__kernel_cos)
    __kernel_poly                            0x00001aa9   Thumb Code   248  poly.o(i.__kernel_poly)
    __kernel_sin                             0x00001ba1   Thumb Code   280  sin_i.o(i.__kernel_sin)
    __mathlib_dbl_underflow                  0x00001cd1   Thumb Code    24  dunder.o(i.__mathlib_dbl_underflow)
    atan                                     0x00001cf1   Thumb Code    16  atan.o(i.atan)
    fabs                                     0x00001d01   Thumb Code    32  fabs.o(i.fabs)
    __aeabi_dneg                             0x00001d21   Thumb Code     0  basic.o(x$fpl$basic)
    _dneg                                    0x00001d21   Thumb Code     6  basic.o(x$fpl$basic)
    __aeabi_fneg                             0x00001d27   Thumb Code     0  basic.o(x$fpl$basic)
    _fneg                                    0x00001d27   Thumb Code     6  basic.o(x$fpl$basic)
    _dabs                                    0x00001d2d   Thumb Code     6  basic.o(x$fpl$basic)
    _fabs                                    0x00001d33   Thumb Code     6  basic.o(x$fpl$basic)
    __aeabi_d2f                              0x00001d39   Thumb Code     0  d2f.o(x$fpl$d2f)
    _d2f                                     0x00001d39   Thumb Code    98  d2f.o(x$fpl$d2f)
    __aeabi_dadd                             0x00001d9d   Thumb Code     0  daddsub_clz.o(x$fpl$dadd)
    _dadd                                    0x00001d9d   Thumb Code   332  daddsub_clz.o(x$fpl$dadd)
    __aeabi_ddiv                             0x00001eed   Thumb Code     0  ddiv.o(x$fpl$ddiv)
    _ddiv                                    0x00001eed   Thumb Code   552  ddiv.o(x$fpl$ddiv)
    __aeabi_d2iz                             0x0000219d   Thumb Code     0  dfix.o(x$fpl$dfix)
    _dfix                                    0x0000219d   Thumb Code    94  dfix.o(x$fpl$dfix)
    __aeabi_i2d                              0x000021fb   Thumb Code     0  dflt_clz.o(x$fpl$dflt)
    _dflt                                    0x000021fb   Thumb Code    46  dflt_clz.o(x$fpl$dflt)
    __aeabi_ui2d                             0x00002229   Thumb Code     0  dflt_clz.o(x$fpl$dfltu)
    _dfltu                                   0x00002229   Thumb Code    38  dflt_clz.o(x$fpl$dfltu)
    __aeabi_dmul                             0x00002251   Thumb Code     0  dmul.o(x$fpl$dmul)
    _dmul                                    0x00002251   Thumb Code   332  dmul.o(x$fpl$dmul)
    __fpl_dnaninf                            0x000023a5   Thumb Code   156  dnaninf.o(x$fpl$dnaninf)
    __fpl_dretinf                            0x00002441   Thumb Code    12  dretinf.o(x$fpl$dretinf)
    __aeabi_drsub                            0x0000244d   Thumb Code     0  daddsub_clz.o(x$fpl$drsb)
    _drsb                                    0x0000244d   Thumb Code    22  daddsub_clz.o(x$fpl$drsb)
    _dsqrt                                   0x00002465   Thumb Code   404  dsqrt_umaal.o(x$fpl$dsqrt)
    __aeabi_dsub                             0x000025fd   Thumb Code     0  daddsub_clz.o(x$fpl$dsub)
    _dsub                                    0x000025fd   Thumb Code   464  daddsub_clz.o(x$fpl$dsub)
    __aeabi_f2d                              0x000027d1   Thumb Code     0  f2d.o(x$fpl$f2d)
    _f2d                                     0x000027d1   Thumb Code    86  f2d.o(x$fpl$f2d)
    __fpl_fnaninf                            0x00002827   Thumb Code   140  fnaninf.o(x$fpl$fnaninf)
    _fp_init                                 0x000028b3   Thumb Code    10  fpinit.o(x$fpl$fpinit)
    __fplib_config_fpu_vfp                   0x000028bb   Thumb Code     0  fpinit.o(x$fpl$fpinit)
    __fplib_config_pureend_doubles           0x000028bb   Thumb Code     0  fpinit.o(x$fpl$fpinit)
    __fpl_fretinf                            0x000028bd   Thumb Code    10  fretinf.o(x$fpl$fretinf)
    __I$use$fp                               0x000028c6   Number         0  usenofp.o(x$fpl$usenofp)
    __mathlib_zero                           0x00002a28   Data           8  qnan.o(.constdata)
    Region$$Table$$Base                      0x00002b20   Number         0  anon$$obj.o(Region$$Table)
    Region$$Table$$Limit                     0x00002b30   Number         0  anon$$obj.o(Region$$Table)
    __libspace_start                         0x20000000   Data          96  libspace.o(.bss)
    __temporary_stack_top$libspace           0x20000060   Data           0  libspace.o(.bss)



==============================================================================

Memory Map of the image

  Image Entry point : 0x000002f1

  Load Region LR_1 (Base: 0x00000000, Size: 0x00002b30, Max: 0xffffffff, ABSOLUTE)

    Execution Region ER_RO (Base: 0x00000000, Size: 0x00002b30, Max: 0xffffffff, ABSOLUTE)

    Base Addr    Size         Type   Attr      Idx    E Section Name        Object

    0x00000000   0x0000026c   Data   RO            3    RESET               startup_tm4c123.o
    0x0000026c   0x00000008   Code   RO          210  * !!!main             c_w.l(__main.o)
    0x00000274   0x00000034   Code   RO          503    !!!scatter          c_w.l(__scatter.o)
    0x000002a8   0x0000001c   Code   RO          505    !!handler_zi        c_w.l(__scatter_zi.o)
    0x000002c4   0x00000002   Code   RO          379    .ARM.Collect$$libinit$$00000000  c_w.l(libinit.o)
    0x000002c6   0x00000004   Code   RO          382    .ARM.Collect$$libinit$$00000001  c_w.l(libinit2.o)
    0x000002ca   0x00000000   Code   RO          386    .ARM.Collect$$libinit$$00000008  c_w.l(libinit2.o)
    0x000002ca   0x00000000   Code   RO          388    .ARM.Collect$$libinit$$0000000A  c_w.l(libinit2.o)
    0x000002ca   0x00000000   Code   RO          390    .ARM.Collect$$libinit$$0000000C  c_w.l(libinit2.o)
    0x000002ca   0x00000000   Code   RO          393    .ARM.Collect$$libinit$$0000000F  c_w.l(libinit2.o)
    0x000002ca   0x00000000   Code   RO          395    .ARM.Collect$$libinit$$00000011  c_w.l(libinit2.o)
    0x000002ca   0x00000000   Code   RO          397    .ARM.Collect$$libinit$$00000013  c_w.l(libinit2.o)
    0x000002ca   0x00000000   Code   RO          399    .ARM.Collect$$libinit$$00000015  c_w.l(libinit2.o)
    0x000002ca   0x00000000   Code   RO          401    .ARM.Collect$$libinit$$00000017  c_w.l(libinit2.o)
    0x000002ca   0x00000000   Code   RO          403    .ARM.Collect$$libinit$$00000019  c_w.l(libinit2.o)
    0x000002ca   0x00000000   Code   RO          405    .ARM.Collect$$libinit$$0000001B  c_w.l(libinit2.o)
    0x000002ca   0x00000000   Code   RO          407    .ARM.Collect$$libinit$$0000001D  c_w.l(libinit2.o)
    0x000002ca   0x00000000   Code   RO          409    .ARM.Collect$$libinit$$0000001F  c_w.l(libinit2.o)
    0x000002ca   0x00000000   Code   RO          411    .ARM.Collect$$libinit$$00000021  c_w.l(libinit2.o)
    0x000002ca   0x00000000   Code   RO          413    .ARM.Collect$$libinit$$00000023  c_w.l(libinit2.o)
    0x000002ca   0x00000000   Code   RO          417    .ARM.Collect$$libinit$$0000002A  c_w.l(libinit2.o)
    0x000002ca   0x00000000   Code   RO          419    .ARM.Collect$$libinit$$0000002C  c_w.l(libinit2.o)
    0x000002ca   0x00000000   Code   RO          421    .ARM.Collect$$libinit$$0000002E  c_w.l(libinit2.o)
    0x000002ca   0x00000000   Code   RO          423    .ARM.Collect$$libinit$$00000030  c_w.l(libinit2.o)
    0x000002ca   0x00000002   Code   RO          424    .ARM.Collect$$libinit$$00000031  c_w.l(libinit2.o)
    0x000002cc   0x00000002   Code   RO          444    .ARM.Collect$$libshutdown$$00000000  c_w.l(libshutdown.o)
    0x000002ce   0x00000000   Code   RO          458    .ARM.Collect$$libshutdown$$00000003  c_w.l(libshutdown2.o)
    0x000002ce   0x00000000   Code   RO          461    .ARM.Collect$$libshutdown$$00000006  c_w.l(libshutdown2.o)
    0x000002ce   0x00000000   Code   RO          464    .ARM.Collect$$libshutdown$$00000009  c_w.l(libshutdown2.o)
    0x000002ce   0x00000000   Code   RO          466    .ARM.Collect$$libshutdown$$0000000B  c_w.l(libshutdown2.o)
    0x000002ce   0x00000000   Code   RO          469    .ARM.Collect$$libshutdown$$0000000E  c_w.l(libshutdown2.o)
    0x000002ce   0x00000002   Code   RO          470    .ARM.Collect$$libshutdown$$0000000F  c_w.l(libshutdown2.o)
    0x000002d0   0x00000000   Code   RO          278    .ARM.Collect$$rtentry$$00000000  c_w.l(rtentry.o)
    0x000002d0   0x00000000   Code   RO          336    .ARM.Collect$$rtentry$$00000002  c_w.l(rtentry2.o)
    0x000002d0   0x00000006   Code   RO          348    .ARM.Collect$$rtentry$$00000004  c_w.l(rtentry4.o)
    0x000002d6   0x00000000   Code   RO          338    .ARM.Collect$$rtentry$$00000009  c_w.l(rtentry2.o)
    0x000002d6   0x00000004   Code   RO          339    .ARM.Collect$$rtentry$$0000000A  c_w.l(rtentry2.o)
    0x000002da   0x00000000   Code   RO          341    .ARM.Collect$$rtentry$$0000000C  c_w.l(rtentry2.o)
    0x000002da   0x00000008   Code   RO          342    .ARM.Collect$$rtentry$$0000000D  c_w.l(rtentry2.o)
    0x000002e2   0x00000002   Code   RO          380    .ARM.Collect$$rtexit$$00000000  c_w.l(rtexit.o)
    0x000002e4   0x00000000   Code   RO          426    .ARM.Collect$$rtexit$$00000002  c_w.l(rtexit2.o)
    0x000002e4   0x00000004   Code   RO          427    .ARM.Collect$$rtexit$$00000003  c_w.l(rtexit2.o)
    0x000002e8   0x00000006   Code   RO          428    .ARM.Collect$$rtexit$$00000004  c_w.l(rtexit2.o)
    0x000002ee   0x00000002   PAD
    0x000002f0   0x00000114   Code   RO            4  * .text               startup_tm4c123.o
    0x00000404   0x000002b0   Code   RO           60    .text               calcgpsdistance.o
    0x000006b4   0x0000001c   Code   RO           76    .text               checkdist.o
    0x000006d0   0x00000084   Code   RO          100    .text               led_init.o
    0x00000754   0x00000130   Code   RO          114    .text               main.o
    0x00000884   0x00000390   Code   RO          133    .text               parcing.o
    0x00000c14   0x00000050   Code   RO          148    .text               seven_init.o
    0x00000c64   0x00000054   Code   RO          160    .text               ssd_v2.o
    0x00000cb8   0x00000002   Code   RO          174    .text               uart_init.o
    0x00000cba   0x00000064   Code   RO          206    .text               c_w.l(rt_memcpy_w.o)
    0x00000d1e   0x00000006   Code   RO          208    .text               c_w.l(heapauxi.o)
    0x00000d24   0x00000016   Code   RO          279    .text               c_w.l(_rserrno.o)
    0x00000d3a   0x00000002   PAD
    0x00000d3c   0x00000008   Code   RO          353    .text               c_w.l(rt_errno_addr_intlibspace.o)
    0x00000d44   0x00000008   Code   RO          367    .text               c_w.l(libspace.o)
    0x00000d4c   0x0000004a   Code   RO          370    .text               c_w.l(sys_stackheap_outer.o)
    0x00000d96   0x0000000c   Code   RO          372    .text               c_w.l(exit.o)
    0x00000da2   0x00000002   PAD
    0x00000da4   0x0000000c   Code   RO          436    .text               c_w.l(sys_exit.o)
    0x00000db0   0x00000002   Code   RO          447    .text               c_w.l(use_no_semi.o)
    0x00000db2   0x00000000   Code   RO          449    .text               c_w.l(indicate_semi.o)
    0x00000db2   0x00000030   Code   RO          363    i.__ARM_fpclassify  m_wm.l(fpclassify.o)
    0x00000de2   0x00000006   PAD
    0x00000de8   0x000002e8   Code   RO          300    i.__hardfp_atan     m_wm.l(atan.o)
    0x000010d0   0x000001e0   Code   RO          230    i.__hardfp_atan2    m_wm.l(atan2.o)
    0x000012b0   0x000000d8   Code   RO          242    i.__hardfp_cos      m_wm.l(cos.o)
    0x00001388   0x000000d8   Code   RO          254    i.__hardfp_sin      m_wm.l(sin.o)
    0x00001460   0x0000007a   Code   RO          266    i.__hardfp_sqrt     m_wm.l(sqrt.o)
    0x000014da   0x00000006   PAD
    0x000014e0   0x00000458   Code   RO          324    i.__ieee754_rem_pio2  m_wm.l(rred.o)
    0x00001938   0x00000170   Code   RO          314    i.__kernel_cos      m_wm.l(cos_i.o)
    0x00001aa8   0x000000f8   Code   RO          365    i.__kernel_poly     m_wm.l(poly.o)
    0x00001ba0   0x00000130   Code   RO          329    i.__kernel_sin      m_wm.l(sin_i.o)
    0x00001cd0   0x00000020   Code   RO          361    i.__mathlib_dbl_underflow  m_wm.l(dunder.o)
    0x00001cf0   0x00000010   Code   RO          302    i.atan              m_wm.l(atan.o)
    0x00001d00   0x00000020   Code   RO          319    i.fabs              m_wm.l(fabs.o)
    0x00001d20   0x00000018   Code   RO          281    x$fpl$basic         fz_wm.l(basic.o)
    0x00001d38   0x00000062   Code   RO          212    x$fpl$d2f           fz_wm.l(d2f.o)
    0x00001d9a   0x00000002   PAD
    0x00001d9c   0x00000150   Code   RO          214    x$fpl$dadd          fz_wm.l(daddsub_clz.o)
    0x00001eec   0x000002b0   Code   RO          284    x$fpl$ddiv          fz_wm.l(ddiv.o)
    0x0000219c   0x0000005e   Code   RO          357    x$fpl$dfix          fz_wm.l(dfix.o)
    0x000021fa   0x0000002e   Code   RO          221    x$fpl$dflt          fz_wm.l(dflt_clz.o)
    0x00002228   0x00000026   Code   RO          220    x$fpl$dfltu         fz_wm.l(dflt_clz.o)
    0x0000224e   0x00000002   PAD
    0x00002250   0x00000154   Code   RO          226    x$fpl$dmul          fz_wm.l(dmul.o)
    0x000023a4   0x0000009c   Code   RO          289    x$fpl$dnaninf       fz_wm.l(dnaninf.o)
    0x00002440   0x0000000c   Code   RO          291    x$fpl$dretinf       fz_wm.l(dretinf.o)
    0x0000244c   0x00000016   Code   RO          215    x$fpl$drsb          fz_wm.l(daddsub_clz.o)
    0x00002462   0x00000002   PAD
    0x00002464   0x00000198   Code   RO          293    x$fpl$dsqrt         fz_wm.l(dsqrt_umaal.o)
    0x000025fc   0x000001d4   Code   RO          216    x$fpl$dsub          fz_wm.l(daddsub_clz.o)
    0x000027d0   0x00000056   Code   RO          228    x$fpl$f2d           fz_wm.l(f2d.o)
    0x00002826   0x0000008c   Code   RO          295    x$fpl$fnaninf       fz_wm.l(fnaninf.o)
    0x000028b2   0x0000000a   Code   RO          434    x$fpl$fpinit        fz_wm.l(fpinit.o)
    0x000028bc   0x0000000a   Code   RO          297    x$fpl$fretinf       fz_wm.l(fretinf.o)
    0x000028c6   0x00000000   Code   RO          299    x$fpl$usenofp       fz_wm.l(usenofp.o)
    0x000028c6   0x00000002   PAD
    0x000028c8   0x00000097   Data   RO          115    .constdata          main.o
    0x0000295f   0x00000001   PAD
    0x00002960   0x00000098   Data   RO          303    .constdata          m_wm.l(atan.o)
    0x000029f8   0x00000030   Data   RO          315    .constdata          m_wm.l(cos_i.o)
    0x00002a28   0x00000008   Data   RO          323    .constdata          m_wm.l(qnan.o)
    0x00002a30   0x000000c8   Data   RO          326    .constdata          m_wm.l(rred.o)
    0x00002af8   0x00000028   Data   RO          330    .constdata          m_wm.l(sin_i.o)
    0x00002b20   0x00000010   Data   RO          501    Region$$Table       anon$$obj.o


    Execution Region ER_RW (Base: 0x20000000, Size: 0x00000000, Max: 0xffffffff, ABSOLUTE)

    **** No section assigned to this execution region ****


    Execution Region ER_ZI (Base: 0x20000000, Size: 0x00000260, Max: 0xffffffff, ABSOLUTE)

    Base Addr    Size         Type   Attr      Idx    E Section Name        Object

    0x20000000   0x00000060   Zero   RW          368    .bss                c_w.l(libspace.o)
    0x20000060   0x00000000   Zero   RW            2    HEAP                startup_tm4c123.o
    0x20000060   0x00000200   Zero   RW            1    STACK               startup_tm4c123.o


==============================================================================

Image component sizes


      Code (inc. data)   RO Data    RW Data    ZI Data      Debug   Object Name

         0          0          0          0          0       1444   array.o
       688         10          0          0          0       1126   calcgpsdistance.o
        28          8          0          0          0        484   checkdist.o
       132         20          0          0          0        467   led_init.o
       304         16        151          0          0       1150   main.o
       912         14          0          0          0       1254   parcing.o
        80          8          0          0          0        453   seven_init.o
        84         10          0          0          0        505   ssd_v2.o
       276         24        620          0        512       5404   startup_tm4c123.o
         2          0          0          0          0        432   uart_init.o

    ----------------------------------------------------------------------
      2506        110        788          0        512      12719   Object Totals
         0          0         16          0          0          0   (incl. Generated)
         0          0          1          0          0          0   (incl. Padding)

    ----------------------------------------------------------------------

      Code (inc. data)   RO Data    RW Data    ZI Data      Debug   Library Member Name

         8          0          0          0          0         68   __main.o
        52          8          0          0          0          0   __scatter.o
        28          0          0          0          0          0   __scatter_zi.o
        22          0          0          0          0        100   _rserrno.o
        12          0          0          0          0         72   exit.o
         6          0          0          0          0        152   heapauxi.o
         0          0          0          0          0          0   indicate_semi.o
         2          0          0          0          0          0   libinit.o
         6          0          0          0          0          0   libinit2.o
         2          0          0          0          0          0   libshutdown.o
         2          0          0          0          0          0   libshutdown2.o
         8          4          0          0         96         68   libspace.o
         8          4          0          0          0         68   rt_errno_addr_intlibspace.o
       100          0          0          0          0         80   rt_memcpy_w.o
         0          0          0          0          0          0   rtentry.o
        12          0          0          0          0          0   rtentry2.o
         6          0          0          0          0          0   rtentry4.o
         2          0          0          0          0          0   rtexit.o
        10          0          0          0          0          0   rtexit2.o
        12          4          0          0          0         68   sys_exit.o
        74          0          0          0          0         80   sys_stackheap_outer.o
         2          0          0          0          0         68   use_no_semi.o
        24          0          0          0          0        164   basic.o
        98          4          0          0          0        140   d2f.o
       826         16          0          0          0        492   daddsub_clz.o
       688        140          0          0          0        256   ddiv.o
        94          4          0          0          0        140   dfix.o
        84          0          0          0          0        232   dflt_clz.o
       340         12          0          0          0        152   dmul.o
       156          4          0          0          0        140   dnaninf.o
        12          0          0          0          0        116   dretinf.o
       408         56          0          0          0        168   dsqrt_umaal.o
        86          4          0          0          0        132   f2d.o
       140          4          0          0          0        132   fnaninf.o
        10          0          0          0          0        116   fpinit.o
        10          0          0          0          0        116   fretinf.o
         0          0          0          0          0          0   usenofp.o
       760        108        152          0          0        344   atan.o
       480         64          0          0          0        156   atan2.o
       216         16          0          0          0        152   cos.o
       368         46         48          0          0        200   cos_i.o
        32          8          0          0          0        124   dunder.o
        32          0          0          0          0        124   fabs.o
        48          0          0          0          0        124   fpclassify.o
       248          0          0          0          0        152   poly.o
         0          0          8          0          0          0   qnan.o
      1112        140        200          0          0        188   rred.o
       216         16          0          0          0        152   sin.o
       304         24         40          0          0        208   sin_i.o
       122          0          0          0          0        148   sqrt.o

    ----------------------------------------------------------------------
      7314        686        448          0         96       5392   Library Totals
        26          0          0          0          0          0   (incl. Padding)

    ----------------------------------------------------------------------

      Code (inc. data)   RO Data    RW Data    ZI Data      Debug   Library Name

       374         20          0          0         96        824   c_w.l
      2976        244          0          0          0       2496   fz_wm.l
      3938        422        448          0          0       2072   m_wm.l

    ----------------------------------------------------------------------
      7314        686        448          0         96       5392   Library Totals

    ----------------------------------------------------------------------

==============================================================================


      Code (inc. data)   RO Data    RW Data    ZI Data      Debug   

      9820        796       1236          0        608      14395   Grand Totals
      9820        796       1236          0        608      14395   ELF Image Totals
      9820        796       1236          0          0          0   ROM Totals

==============================================================================

    Total RO  Size (Code + RO Data)                11056 (  10.80kB)
    Total RW  Size (RW Data + ZI Data)               608 (   0.59kB)
    Total ROM Size (Code + RO Data + RW Data)      11056 (  10.80kB)

==============================================================================

