<html>
<body>
<pre>
<h1>µVision Build Log</h1>
<h2>Project:</h2>
C:\Users\aemad\OneDrive\Desktop\Junior\S2\Embedded\try_whole3\tears.uvproj
Project File Date:  06/12/2021

<h2>Output:</h2>
Rebuild target 'Target 1'
assembling startup_TM4C123.s...
compiling array.c...
..\try_whole2\array.c(8): warning:  #177-D: variable "c" was declared but never referenced
      char c;
..\try_whole2\array.c: 1 warning, 0 errors
compiling CalcGPSDistance.c...
compiling checkDist.c...
compiling delayMs.c...
compiling LED_init.c...
compiling main.c...
..\try_whole2\main.c(22): warning:  #177-D: variable "maxlenth" was declared but never referenced
        int maxlenth=350;
..\try_whole2\main.c: 1 warning, 0 errors
compiling parcing.c...
..\try_whole2\parcing.c(6): warning:  #177-D: variable "latarray" was declared but never referenced
  char latarray[10];
..\try_whole2\parcing.c(7): warning:  #177-D: variable "lgarray" was declared but never referenced
  char lgarray[10];
..\try_whole2\parcing.c(11): warning:  #177-D: variable "c" was declared but never referenced
        int c=0, d=0;
..\try_whole2\parcing.c(11): warning:  #177-D: variable "d" was declared but never referenced
        int c=0, d=0;
..\try_whole2\parcing.c(12): warning:  #177-D: variable "floatlat" was declared but never referenced
  float floatlat=0 , floatlg=0;
..\try_whole2\parcing.c(12): warning:  #177-D: variable "floatlg" was declared but never referenced
  float floatlat=0 , floatlg=0;
..\try_whole2\parcing.c: 6 warnings, 0 errors
compiling Seven_init.c...
compiling ssd_v2.c...
compiling UART_init.c...
compiling UART2_Receiver.c...
linking...
Program Size: Code=9820 RO-data=1236 RW-data=0 ZI-data=608  
".\tears.axf" - 0 Error(s), 8 Warning(s).
